<testsuite errors="0" failures="2" name="" tests="47" time="936.169">
<testcase classname="" name="setUpClass (tempest.scenario.test_baremetal_basic_ops.BaremetalBasicOps)" time="0.000">
<skipped>Ironic not available or Ironic compute driver not enabled</skipped>
</testcase>
<testcase classname="tempest.scenario.test_aggregates_basic_ops.TestAggregatesBasicOps" name="test_aggregate_basic_ops[compute,id-cb2b4c4f-0c7c-4164-bdde-6285b302a081]" time="0.917"/>
<testcase classname="" name="setUpClass (tempest.scenario.test_dashboard_basic_ops.TestDashboardBasicOps)" time="0.000">
<skipped>Horizon support is required</skipped>
</testcase>
<testcase classname="tempest.scenario.test_large_ops.TestLargeOpsScenario" name="test_large_ops_scenario_1[compute,id-14ba0e78-2ed9-4d17-9659-a48f4756ecb3,image]" time="16.680"/>
<testcase classname="tempest.scenario.test_large_ops.TestLargeOpsScenario" name="test_large_ops_scenario_2[compute,id-b9b79b88-32aa-42db-8f8f-dcc8f4b4ccfe,image]" time="11.401"/>
<testcase classname="tempest.scenario.test_large_ops.TestLargeOpsScenario" name="test_large_ops_scenario_3[compute,id-3aab7e82-2de3-419a-9da1-9f3a070668fb,image]" time="12.262"/>
<testcase classname="tempest.scenario.test_network_advanced_server_ops.TestNetworkAdvancedServerOps" name="test_server_connectivity_pause_unpause[compute,id-2b2642db-6568-4b35-b812-eceed3fa20ce,network]" time="26.903"/>
<testcase classname="tempest.scenario.test_encrypted_cinder_volumes.TestEncryptedCinderVolumes" name="test_encrypted_cinder_volumes_cryptsetup[compute,id-cbc752ed-b716-4717-910f-956cce965722,image,volume]" time="74.077"/>
<testcase classname="tempest.scenario.test_minimum_basic.TestMinimumBasicScenario" name="test_minimum_basic_scenario[compute,id-bdbb5441-9204-419d-a225-b4fdbfb1a1a8,image,network,volume]" time="88.501"/>
<testcase classname="tempest.scenario.test_network_v6.TestGettingAddress" name="test_dhcp6_stateless_from_os[compute,id-d7e1f858-187c-45a6-89c9-bdafde619a9f,network]" time="105.898"/>
<testcase classname="tempest.scenario.test_encrypted_cinder_volumes.TestEncryptedCinderVolumes" name="test_encrypted_cinder_volumes_luks[compute,id-79165fb4-5534-4b9d-8429-97ccffb8f86e,image,volume]" time="66.146"/>
<testcase classname="tempest.scenario.test_network_basic_ops.TestNetworkBasicOps" name="test_connectivity_between_vms_on_different_networks[compute,id-1546850e-fbaa-42f5-8b5f-03d8a6a95f15,network]" time="46.238"/>
<testcase classname="tempest.scenario.test_network_v6.TestGettingAddress" name="test_dualnet_dhcp6_stateless_from_os[compute,id-76f26acd-9688-42b4-bc3e-cd134c4cb09e,network]" time="44.877"/>
<testcase classname="tempest.scenario.test_network_advanced_server_ops.TestNetworkAdvancedServerOps" name="test_server_connectivity_reboot[compute,id-7b6860c2-afa3-4846-9522-adeb38dfbe08,network]" time="149.912">
<failure type="testtools.testresult.real._StringException">Traceback (most recent call last):
testtools.testresult.real._StringException: Empty attachments:
  stderr
  stdout

pythonlogging:'': {{{
2015-12-30 12:19:53,408 16325 INFO     [tempest_lib.common.rest_client] Request (TestNetworkAdvancedServerOps:test_server_connectivity_reboot): 200 POST http://10.21.2.3:8774/v2/913e635f53b04a86839ac98c371fbb80/os-keypairs 0.229s
2015-12-30 12:19:53,408 16325 DEBUG    [tempest_lib.common.rest_client] Request - Headers: {'Content-Type': 'application/json', 'Accept': 'application/json', 'X-Auth-Token': '&lt;omitted>'}
        Body: {"keypair": {"name": "tempest-TestNetworkAdvancedServerOps-1871624660"}}
    Response - Headers: {'status': '200', 'content-length': '2328', 'x-compute-request-id': 'req-235e2d0c-e480-4b10-a2c2-9db9872def47', 'connection': 'close', 'date': 'Wed, 30 Dec 2015 12:19:47 GMT', 'content-type': 'application/json'}
        Body: {"keypair": {"public_key": "ssh-rsa AAAAB3NzaC1yc2EAAAADAQABAAABAQCfUUb4e2uTsgFXcVI3NrA6Yc44jJUHdR1VT2HM2w3FLZ0zS60EKkZEwm/B5R7mYbfsvV1iE0i9Tr7qRMVN4eFwyz7qNwj5I4K2a2cfar39o/pAgrH3VgxisjhdEX+qYPkCrdJRLPUHndH319tf85cswgyQkfLFYGir/RS4RTUDwoRwvYxGsUgSUzndPgDoRvQmmsdTzd5uZYNdLriQBMk+Qyjd4OhW5QLH+1PVV+hb06ImM2IlTYKbWY7CuoFER1TnSdCz/5EYiq8jnNiZb3jgtEfDhBkeIs2Muf3u92h9X5bGWJcNfX25hfFujJrCsVkZ0m5wYGubJIlFBtHF7KR5 Generated-by-Nova\n", "private_key": "-----BEGIN RSA PRIVATE KEY-----\nMIIEpQIBAAKCAQEAn1FG+Htrk7IBV3FSNzawOmHOOIyVB3UdVU9hzNsNxS2dM0ut\nBCpGRMJvweUe5mG37L1dYhNIvU6+6kTFTeHhcMs+6jcI+SOCtmtnH2q9/aP6QIKx\n91YMYrI4XRF/qmD5Aq3SUSz1B53R99fbX/OXLMIMkJHyxWBoq/0UuEU1A8KEcL2M\nRrFIElM53T4A6Eb0JprHU83ebmWDXS64kATJPkMo3eDoVuUCx/tT1VfoW9OiJjNi\nJU2Cm1mOwrqBREdU50nQs/+RGIqvI5zYmW944LRHw4QZHiLNjLn97vdofV+WxliX\nDX19uYXxboyawrFZGdJucGBrmySJRQbRxeykeQIDAQABAoIBAQCMWUeSQvfkJt4z\nsCrjZRQeemb3PjFTXoK20rWviBI7cBGaTMJgdvVsQXW+dB+iiNdEgRWw/pgH3UUm\nj+rYz3KQsRv9rPoEsJnIJhm0fY5d0YT2K6yn3XAPyj0JEA9NgxwalhI/XMGHMir0\nkX46qxa0YUY8XbZm1qWfTdZg9ubbJa79Sq8LumODc62QTPO9NCxeO4wW8ur5dCma\nrlNPYViSxfW12OrdpGUUutB5mSWbv1jtff07yVISSWWG7+Ae4VA4iidBzUjfneZe\nAqOb00W4NM9n9q3QcipKVebmNd4Rxkylut0xrPs7JB/S3AnNOTt8n/GnYW3jmsPz\nqbyXW7vhAoGBANHXhKE2IVHGId7lxx8ZPJbsPTL/zLRKructjAMdBrb5Z/r63hrr\neqrvZwR8HeWc4RyWGcyxLD9U29i6VB24lvTjXnUzA94KVc++XP34rFYHq5TRZsWd\njNBWZUC90zi5bXdRw4swu/6Vj8bKl1DcekeDuyhuNdUnpD4m3J4DSLAtAoGBAMJc\nqZaDTWjAh7pIZNE3LkqYDx7ZHxqr7v+oV3z+wx2KPTKtLYbKUWJ5XH8liQM/VnbI\n3tZVtZgKN0Mv+QeYoVjr3fMUjrbkNj9OXWedDSlXd2TyLR8czOOkkAbXo7X88waL\nWWTzUN/myEclxbdmIFPMHm3NpxDYpku+3jDz/aj9AoGBAM3E4djX5Lp0aLhTZ/wV\n2jVAuQ5uikRtS6+EGVzgNLpuPUl+gReyu9os4j8imoqTWKeYhPoU7oe35dFTfbKb\nVOQUpYaVnQA58EXDrRqapBvEb7uBz56OzQtq/OUMf7iLFE3CDtdJ1b9i19ceyFzR\nptLD2V5fHEjGE6eiogoMvFWNAoGALHJaSdQvAJR+tWfWvk1bJa3OT2Shi0zkM8zA\nbRIpdnjlc9BMh/V+VQGh2GWyBm8Wi8V1yBgDlghICPJQhZ8uzpHpyKvb0xEvIpz+\nGTK+DsU0xX3oOaQxaqF4Wkg35Oc6gDWftMk7pmg1Rqfppf4RyHf2QW/1E5InvUyh\nrRou2NUCgYEAk7ph2i0y5cHZcuPArOKhJcSnGvZKVIXdLZrFtkdkix2JX9ASEcOA\nLgRA3Gi7u/5drixo7MyXOMFUV88jXyqyKgB/NEO8NE9uzB1p+DRbGxGPbhdrwQz/\n+C6V0O7ytJktLllkpZEzsrSDxQXC1BuvB8dB0wuP9w47+r9Lu/Ilko4=\n-----END RSA PRIVATE KEY-----\n", "user_id": "3b53bdfa5c8c460ca4f5266d0272906e", "name": "tempest-TestNetworkAdvancedServerOps-1871624660", "fingerprint": "63:73:17:ff:b6:fa:36:49:50:bd:22:65:ff:f9:5c:86"}}
2015-12-30 12:19:53,454 16325 INFO     [tempest_lib.common.rest_client] Request (TestNetworkAdvancedServerOps:test_server_connectivity_reboot): 201 POST http://10.21.2.3:9696/v2.0/security-groups 0.044s
2015-12-30 12:19:53,455 16325 DEBUG    [tempest_lib.common.rest_client] Request - Headers: {'Content-Type': 'application/json', 'Accept': 'application/json', 'X-Auth-Token': '&lt;omitted>'}
        Body: {"security_group": {"tenant_id": "913e635f53b04a86839ac98c371fbb80", "description": "tempest-secgroup-smoke-109596180 description", "name": "tempest-secgroup-smoke-109596180"}}
    Response - Headers: {'status': '201', 'content-length': '886', 'connection': 'close', 'date': 'Wed, 30 Dec 2015 12:19:47 GMT', 'content-type': 'application/json; charset=UTF-8', 'x-openstack-request-id': 'req-77b9dd10-621e-4058-9099-6355efc7b95a'}
        Body: {"security_group": {"tenant_id": "913e635f53b04a86839ac98c371fbb80", "description": "tempest-secgroup-smoke-109596180 description", "id": "bf137e05-c595-4eed-9c6f-eee4578193e8", "security_group_rules": [{"remote_group_id": null, "direction": "egress", "remote_ip_prefix": null, "protocol": null, "ethertype": "IPv4", "tenant_id": "913e635f53b04a86839ac98c371fbb80", "port_range_max": null, "port_range_min": null, "id": "7bfb160c-1a16-44b5-a42e-d8475f5fa395", "security_group_id": "bf137e05-c595-4eed-9c6f-eee4578193e8"}, {"remote_group_id": null, "direction": "egress", "remote_ip_prefix": null, "protocol": null, "ethertype": "IPv6", "tenant_id": "913e635f53b04a86839ac98c371fbb80", "port_range_max": null, "port_range_min": null, "id": "8f08f504-8957-444a-b691-33c9f991516a", "security_group_id": "bf137e05-c595-4eed-9c6f-eee4578193e8"}], "name": "tempest-secgroup-smoke-109596180"}}
2015-12-30 12:19:53,494 16325 INFO     [tempest_lib.common.rest_client] Request (TestNetworkAdvancedServerOps:test_server_connectivity_reboot): 201 POST http://10.21.2.3:9696/v2.0/security-group-rules 0.038s
2015-12-30 12:19:53,494 16325 DEBUG    [tempest_lib.common.rest_client] Request - Headers: {'Content-Type': 'application/json', 'Accept': 'application/json', 'X-Auth-Token': '&lt;omitted>'}
        Body: {"security_group_rule": {"direction": "ingress", "protocol": "tcp", "tenant_id": "913e635f53b04a86839ac98c371fbb80", "port_range_max": 22, "security_group_id": "bf137e05-c595-4eed-9c6f-eee4578193e8", "port_range_min": 22}}
    Response - Headers: {'status': '201', 'content-length': '340', 'connection': 'close', 'date': 'Wed, 30 Dec 2015 12:19:47 GMT', 'content-type': 'application/json; charset=UTF-8', 'x-openstack-request-id': 'req-9f7209e1-aae7-487c-8591-162f8447319f'}
        Body: {"security_group_rule": {"remote_group_id": null, "direction": "ingress", "remote_ip_prefix": null, "protocol": "tcp", "ethertype": "IPv4", "tenant_id": "913e635f53b04a86839ac98c371fbb80", "port_range_max": 22, "port_range_min": 22, "id": "7236feb5-e99f-4ff2-b31f-ad81549335e0", "security_group_id": "bf137e05-c595-4eed-9c6f-eee4578193e8"}}
2015-12-30 12:19:53,606 16325 INFO     [tempest_lib.common.rest_client] Request (TestNetworkAdvancedServerOps:test_server_connectivity_reboot): 201 POST http://10.21.2.3:9696/v2.0/security-group-rules 0.111s
2015-12-30 12:19:53,606 16325 DEBUG    [tempest_lib.common.rest_client] Request - Headers: {'Content-Type': 'application/json', 'Accept': 'application/json', 'X-Auth-Token': '&lt;omitted>'}
        Body: {"security_group_rule": {"direction": "egress", "protocol": "tcp", "tenant_id": "913e635f53b04a86839ac98c371fbb80", "port_range_max": 22, "security_group_id": "bf137e05-c595-4eed-9c6f-eee4578193e8", "port_range_min": 22}}
    Response - Headers: {'status': '201', 'content-length': '339', 'connection': 'close', 'date': 'Wed, 30 Dec 2015 12:19:47 GMT', 'content-type': 'application/json; charset=UTF-8', 'x-openstack-request-id': 'req-a3df9a77-0c4a-4c3a-ab52-b5a0b6f27bb0'}
        Body: {"security_group_rule": {"remote_group_id": null, "direction": "egress", "remote_ip_prefix": null, "protocol": "tcp", "ethertype": "IPv4", "tenant_id": "913e635f53b04a86839ac98c371fbb80", "port_range_max": 22, "port_range_min": 22, "id": "7eb46e1f-f6ae-4146-92b9-0601e01a5ddf", "security_group_id": "bf137e05-c595-4eed-9c6f-eee4578193e8"}}
2015-12-30 12:19:53,696 16325 INFO     [tempest_lib.common.rest_client] Request (TestNetworkAdvancedServerOps:test_server_connectivity_reboot): 201 POST http://10.21.2.3:9696/v2.0/security-group-rules 0.089s
2015-12-30 12:19:53,696 16325 DEBUG    [tempest_lib.common.rest_client] Request - Headers: {'Content-Type': 'application/json', 'Accept': 'application/json', 'X-Auth-Token': '&lt;omitted>'}
        Body: {"security_group_rule": {"tenant_id": "913e635f53b04a86839ac98c371fbb80", "direction": "ingress", "protocol": "icmp", "security_group_id": "bf137e05-c595-4eed-9c6f-eee4578193e8"}}
    Response - Headers: {'status': '201', 'content-length': '345', 'connection': 'close', 'date': 'Wed, 30 Dec 2015 12:19:47 GMT', 'content-type': 'application/json; charset=UTF-8', 'x-openstack-request-id': 'req-53f78266-4962-4d47-82fb-cd4ff652238c'}
        Body: {"security_group_rule": {"remote_group_id": null, "direction": "ingress", "remote_ip_prefix": null, "protocol": "icmp", "ethertype": "IPv4", "tenant_id": "913e635f53b04a86839ac98c371fbb80", "port_range_max": null, "port_range_min": null, "id": "2f275ad2-75d5-40c7-b905-bc5ba2bafe77", "security_group_id": "bf137e05-c595-4eed-9c6f-eee4578193e8"}}
2015-12-30 12:19:53,735 16325 INFO     [tempest_lib.common.rest_client] Request (TestNetworkAdvancedServerOps:test_server_connectivity_reboot): 201 POST http://10.21.2.3:9696/v2.0/security-group-rules 0.038s
2015-12-30 12:19:53,735 16325 DEBUG    [tempest_lib.common.rest_client] Request - Headers: {'Content-Type': 'application/json', 'Accept': 'application/json', 'X-Auth-Token': '&lt;omitted>'}
        Body: {"security_group_rule": {"tenant_id": "913e635f53b04a86839ac98c371fbb80", "direction": "egress", "protocol": "icmp", "security_group_id": "bf137e05-c595-4eed-9c6f-eee4578193e8"}}
    Response - Headers: {'status': '201', 'content-length': '344', 'connection': 'close', 'date': 'Wed, 30 Dec 2015 12:19:47 GMT', 'content-type': 'application/json; charset=UTF-8', 'x-openstack-request-id': 'req-ea173056-1d5b-4822-9a3c-769f92ad8e6d'}
        Body: {"security_group_rule": {"remote_group_id": null, "direction": "egress", "remote_ip_prefix": null, "protocol": "icmp", "ethertype": "IPv4", "tenant_id": "913e635f53b04a86839ac98c371fbb80", "port_range_max": null, "port_range_min": null, "id": "a276a626-d875-4d09-b545-9f4db9a15f6d", "security_group_id": "bf137e05-c595-4eed-9c6f-eee4578193e8"}}
2015-12-30 12:19:53,779 16325 INFO     [tempest_lib.common.rest_client] Request (TestNetworkAdvancedServerOps:test_server_connectivity_reboot): 201 POST http://10.21.2.3:9696/v2.0/security-group-rules 0.043s
2015-12-30 12:19:53,779 16325 DEBUG    [tempest_lib.common.rest_client] Request - Headers: {'Content-Type': 'application/json', 'Accept': 'application/json', 'X-Auth-Token': '&lt;omitted>'}
        Body: {"security_group_rule": {"tenant_id": "913e635f53b04a86839ac98c371fbb80", "direction": "ingress", "security_group_id": "bf137e05-c595-4eed-9c6f-eee4578193e8", "protocol": "icmp", "ethertype": "IPv6"}}
    Response - Headers: {'status': '201', 'content-length': '345', 'connection': 'close', 'date': 'Wed, 30 Dec 2015 12:19:47 GMT', 'content-type': 'application/json; charset=UTF-8', 'x-openstack-request-id': 'req-04dbe1d2-1940-43a7-8ce9-1ca141f24d8d'}
        Body: {"security_group_rule": {"remote_group_id": null, "direction": "ingress", "remote_ip_prefix": null, "protocol": "icmp", "ethertype": "IPv6", "tenant_id": "913e635f53b04a86839ac98c371fbb80", "port_range_max": null, "port_range_min": null, "id": "f8e3e69d-a5b5-4203-8468-803f07b812c8", "security_group_id": "bf137e05-c595-4eed-9c6f-eee4578193e8"}}
2015-12-30 12:19:53,820 16325 INFO     [tempest_lib.common.rest_client] Request (TestNetworkAdvancedServerOps:test_server_connectivity_reboot): 201 POST http://10.21.2.3:9696/v2.0/security-group-rules 0.040s
2015-12-30 12:19:53,820 16325 DEBUG    [tempest_lib.common.rest_client] Request - Headers: {'Content-Type': 'application/json', 'Accept': 'application/json', 'X-Auth-Token': '&lt;omitted>'}
        Body: {"security_group_rule": {"tenant_id": "913e635f53b04a86839ac98c371fbb80", "direction": "egress", "security_group_id": "bf137e05-c595-4eed-9c6f-eee4578193e8", "protocol": "icmp", "ethertype": "IPv6"}}
    Response - Headers: {'status': '201', 'content-length': '344', 'connection': 'close', 'date': 'Wed, 30 Dec 2015 12:19:47 GMT', 'content-type': 'application/json; charset=UTF-8', 'x-openstack-request-id': 'req-5ed1f052-f817-45e3-9c94-fe8c53c917b3'}
        Body: {"security_group_rule": {"remote_group_id": null, "direction": "egress", "remote_ip_prefix": null, "protocol": "icmp", "ethertype": "IPv6", "tenant_id": "913e635f53b04a86839ac98c371fbb80", "port_range_max": null, "port_range_min": null, "id": "6a26e831-f337-47d2-a153-6697b9b91a9f", "security_group_id": "bf137e05-c595-4eed-9c6f-eee4578193e8"}}
2015-12-30 12:19:53,894 16325 INFO     [tempest_lib.common.rest_client] Request (TestNetworkAdvancedServerOps:test_server_connectivity_reboot): 201 POST http://10.21.2.3:9696/v2.0/networks 0.073s
2015-12-30 12:19:53,894 16325 DEBUG    [tempest_lib.common.rest_client] Request - Headers: {'Content-Type': 'application/json', 'Accept': 'application/json', 'X-Auth-Token': '&lt;omitted>'}
        Body: {"network": {"tenant_id": "913e635f53b04a86839ac98c371fbb80", "name": "tempest-network-smoke--1249193841"}}
    Response - Headers: {'status': '201', 'content-length': '268', 'connection': 'close', 'date': 'Wed, 30 Dec 2015 12:19:47 GMT', 'content-type': 'application/json; charset=UTF-8', 'x-openstack-request-id': 'req-3d13257c-f601-42eb-bc81-959fd3c5989a'}
        Body: {"network": {"status": "ACTIVE", "subnets": [], "name": "tempest-network-smoke--1249193841", "router:external": false, "tenant_id": "913e635f53b04a86839ac98c371fbb80", "admin_state_up": true, "mtu": 1500, "shared": false, "id": "720baa94-2271-4f3a-9376-6de1b98c4356"}}
2015-12-30 12:19:53,925 16325 INFO     [tempest_lib.common.rest_client] Request (TestNetworkAdvancedServerOps:test_server_connectivity_reboot): 201 POST http://10.21.2.3:9696/v2.0/routers 0.030s
2015-12-30 12:19:53,925 16325 DEBUG    [tempest_lib.common.rest_client] Request - Headers: {'Content-Type': 'application/json', 'Accept': 'application/json', 'X-Auth-Token': '&lt;omitted>'}
        Body: {"router": {"tenant_id": "913e635f53b04a86839ac98c371fbb80", "name": "tempest-router-smoke-1399274123", "admin_state_up": true}}
    Response - Headers: {'status': '201', 'content-length': '239', 'connection': 'close', 'date': 'Wed, 30 Dec 2015 12:19:47 GMT', 'content-type': 'application/json; charset=UTF-8', 'x-openstack-request-id': 'req-948478c3-fc49-411b-9c2e-ac65dbe46744'}
        Body: {"router": {"status": "ACTIVE", "external_gateway_info": null, "name": "tempest-router-smoke-1399274123", "admin_state_up": true, "tenant_id": "913e635f53b04a86839ac98c371fbb80", "routes": [], "id": "ed807724-4120-4b76-b35e-f7beb3cb4ce5"}}
2015-12-30 12:19:53,956 16325 INFO     [tempest_lib.common.rest_client] Request (TestNetworkAdvancedServerOps:test_server_connectivity_reboot): 200 GET http://10.21.2.3:9696/v2.0/routers/ed807724-4120-4b76-b35e-f7beb3cb4ce5 0.031s
2015-12-30 12:19:53,957 16325 DEBUG    [tempest_lib.common.rest_client] Request - Headers: {'Content-Type': 'application/json', 'Accept': 'application/json', 'X-Auth-Token': '&lt;omitted>'}
        Body: None
    Response - Headers: {'status': '200', 'content-length': '239', 'content-location': 'http://10.21.2.3:9696/v2.0/routers/ed807724-4120-4b76-b35e-f7beb3cb4ce5', 'connection': 'close', 'date': 'Wed, 30 Dec 2015 12:19:47 GMT', 'content-type': 'application/json; charset=UTF-8', 'x-openstack-request-id': 'req-0b0d65f6-da1c-45aa-a0f2-c2aae007649d'}
        Body: {"router": {"status": "ACTIVE", "external_gateway_info": null, "name": "tempest-router-smoke-1399274123", "admin_state_up": true, "tenant_id": "913e635f53b04a86839ac98c371fbb80", "routes": [], "id": "ed807724-4120-4b76-b35e-f7beb3cb4ce5"}}
2015-12-30 12:19:54,271 16325 INFO     [tempest_lib.common.rest_client] Request (TestNetworkAdvancedServerOps:test_server_connectivity_reboot): 200 PUT http://10.21.2.3:9696/v2.0/routers/ed807724-4120-4b76-b35e-f7beb3cb4ce5 0.314s
2015-12-30 12:19:54,272 16325 DEBUG    [tempest_lib.common.rest_client] Request - Headers: {'Content-Type': 'application/json', 'Accept': 'application/json', 'X-Auth-Token': '&lt;omitted>'}
        Body: {"router": {"external_gateway_info": {"network_id": "c295385e-76db-4b29-8f83-db67c61845b4"}, "name": "tempest-router-smoke-1399274123", "admin_state_up": true}}
    Response - Headers: {'status': '200', 'content-length': '418', 'connection': 'close', 'date': 'Wed, 30 Dec 2015 12:19:48 GMT', 'content-type': 'application/json; charset=UTF-8', 'x-openstack-request-id': 'req-4cca3378-a27d-4f35-a261-3a15dcc612ae'}
        Body: {"router": {"status": "ACTIVE", "external_gateway_info": {"network_id": "c295385e-76db-4b29-8f83-db67c61845b4", "enable_snat": true, "external_fixed_ips": [{"subnet_id": "1e378e9d-347f-48bf-b3a2-80c951a40102", "ip_address": "10.21.2.251"}]}, "name": "tempest-router-smoke-1399274123", "admin_state_up": true, "tenant_id": "913e635f53b04a86839ac98c371fbb80", "routes": [], "id": "ed807724-4120-4b76-b35e-f7beb3cb4ce5"}}
2015-12-30 12:19:54,358 16325 INFO     [tempest_lib.common.rest_client] Request (TestNetworkAdvancedServerOps:test_server_connectivity_reboot): 200 GET http://10.21.2.3:9696/v2.0/subnets?tenant_id=913e635f53b04a86839ac98c371fbb80&amp;cidr=10.100.0.0%2F28 0.085s
2015-12-30 12:19:54,359 16325 DEBUG    [tempest_lib.common.rest_client] Request - Headers: {'Content-Type': 'application/json', 'Accept': 'application/json', 'X-Auth-Token': '&lt;omitted>'}
        Body: None
    Response - Headers: {'status': '200', 'content-length': '15', 'content-location': 'http://10.21.2.3:9696/v2.0/subnets?tenant_id=913e635f53b04a86839ac98c371fbb80&amp;cidr=10.100.0.0%2F28', 'connection': 'close', 'date': 'Wed, 30 Dec 2015 12:19:48 GMT', 'content-type': 'application/json; charset=UTF-8', 'x-openstack-request-id': 'req-dc68934f-4cb8-449a-bdf1-0dd853186df5'}
        Body: {"subnets": []}
2015-12-30 12:19:54,473 16325 INFO     [tempest_lib.common.rest_client] Request (TestNetworkAdvancedServerOps:test_server_connectivity_reboot): 201 POST http://10.21.2.3:9696/v2.0/subnets 0.114s
2015-12-30 12:19:54,474 16325 DEBUG    [tempest_lib.common.rest_client] Request - Headers: {'Content-Type': 'application/json', 'Accept': 'application/json', 'X-Auth-Token': '&lt;omitted>'}
        Body: {"subnet": {"ip_version": 4, "tenant_id": "913e635f53b04a86839ac98c371fbb80", "cidr": "10.100.0.0/28", "network_id": "720baa94-2271-4f3a-9376-6de1b98c4356", "name": "tempest-subnet-smoke-1288095240"}}
    Response - Headers: {'status': '201', 'content-length': '478', 'connection': 'close', 'date': 'Wed, 30 Dec 2015 12:19:48 GMT', 'content-type': 'application/json; charset=UTF-8', 'x-openstack-request-id': 'req-56c5fae5-5e85-4f8c-bfb4-114ab6299ed8'}
        Body: {"subnet": {"name": "tempest-subnet-smoke-1288095240", "enable_dhcp": true, "network_id": "720baa94-2271-4f3a-9376-6de1b98c4356", "tenant_id": "913e635f53b04a86839ac98c371fbb80", "dns_nameservers": [], "gateway_ip": "10.100.0.1", "ipv6_ra_mode": null, "allocation_pools": [{"start": "10.100.0.2", "end": "10.100.0.14"}], "host_routes": [], "ip_version": 4, "ipv6_address_mode": null, "cidr": "10.100.0.0/28", "id": "10790a3e-b735-481b-a15b-0c4d8a6bf181", "subnetpool_id": null}}
2015-12-30 12:19:54,798 16325 INFO     [tempest_lib.common.rest_client] Request (TestNetworkAdvancedServerOps:test_server_connectivity_reboot): 200 PUT http://10.21.2.3:9696/v2.0/routers/ed807724-4120-4b76-b35e-f7beb3cb4ce5/add_router_interface 0.324s
2015-12-30 12:19:54,799 16325 DEBUG    [tempest_lib.common.rest_client] Request - Headers: {'Content-Type': 'application/json', 'Accept': 'application/json', 'X-Auth-Token': '&lt;omitted>'}
        Body: {"subnet_id": "10790a3e-b735-481b-a15b-0c4d8a6bf181"}
    Response - Headers: {'status': '200', 'content-length': '255', 'connection': 'close', 'date': 'Wed, 30 Dec 2015 12:19:48 GMT', 'content-type': 'application/json; charset=UTF-8', 'x-openstack-request-id': 'req-147a2db0-25af-410f-b3ed-f52773f90f33'}
        Body: {"subnet_id": "10790a3e-b735-481b-a15b-0c4d8a6bf181", "tenant_id": "913e635f53b04a86839ac98c371fbb80", "subnet_ids": ["10790a3e-b735-481b-a15b-0c4d8a6bf181"], "port_id": "b3abad15-516a-426d-8850-249d34da36d4", "id": "ed807724-4120-4b76-b35e-f7beb3cb4ce5"}
2015-12-30 12:19:54,802 16325 WARNING  [tempest_lib.services.identity.v2.token_client] TokenClientJSON class was deprecated and renamed to TokenClient
2015-12-30 12:19:54,803 16325 WARNING  [tempest_lib.services.identity.v3.token_client] V3TokenClientJSON class was deprecated and renamed to V3TokenClient
2015-12-30 12:19:54,806 16325 DEBUG    [tempest.common.fixed_network] (TestNetworkAdvancedServerOps:test_server_connectivity_reboot) No valid network provided or created, defaulting to fixed_network_name
2015-12-30 12:19:54,905 16325 INFO     [tempest_lib.common.rest_client] Request (TestNetworkAdvancedServerOps:test_server_connectivity_reboot): 200 POST http://10.21.2.3:5000/v2.0/tokens
2015-12-30 12:19:54,906 16325 DEBUG    [tempest_lib.common.rest_client] Request - Headers: {'Content-Type': 'application/json', 'Accept': 'application/json'}
        Body: &lt;omitted>
    Response - Headers: {'status': '200', 'content-length': '4524', 'vary': 'X-Auth-Token', 'server': 'Apache', 'connection': 'close', 'date': 'Wed, 30 Dec 2015 12:19:48 GMT', 'content-type': 'application/json', 'x-openstack-request-id': 'req-50aa1aa5-f398-46fe-b0bc-80b043ecc03e'}
        Body: {"access": {"token": {"issued_at": "2015-12-30T12:19:48.861537", "expires": "2015-12-30T13:19:48Z", "id": "70e2558ac58e42f8b8daf12b7ca964ee", "tenant": {"description": "tempest-TestNetworkAdvancedServerOps-142709348-desc", "enabled": true, "id": "913e635f53b04a86839ac98c371fbb80", "name": "tempest-TestNetworkAdvancedServerOps-142709348"}, "audit_ids": ["wkH27k3wTVuIWmvT2sht2A"]}, "serviceCatalog": [{"endpoints": [{"adminURL": "http://10.21.3.2:8774/v2/913e635f53b04a86839ac98c371fbb80", "region": "RegionOne", "internalURL": "http://10.21.3.2:8774/v2/913e635f53b04a86839ac98c371fbb80", "id": "400dd8a12dd2449a956086e2dc462d1e", "publicURL": "http://10.21.2.3:8774/v2/913e635f53b04a86839ac98c371fbb80"}], "endpoints_links": [], "type": "compute", "name": "nova"}, {"endpoints": [{"adminURL": "http://10.21.3.2:9696", "region": "RegionOne", "internalURL": "http://10.21.3.2:9696", "id": "3a1d143a188047868642418e988b9ac7", "publicURL": "http://10.21.2.3:9696"}], "endpoints_links": [], "type": "network", "name": "neutron"}, {"endpoints": [{"adminURL": "http://10.21.3.2:8776/v2/913e635f53b04a86839ac98c371fbb80", "region": "RegionOne", "internalURL": "http://10.21.3.2:8776/v2/913e635f53b04a86839ac98c371fbb80", "id": "0e24d4d4279942fa844d2325867ebad7", "publicURL": "http://10.21.2.3:8776/v2/913e635f53b04a86839ac98c371fbb80"}], "endpoints_links": [], "type": "volumev2", "name": "cinderv2"}, {"endpoints": [{"adminURL": "http://10.21.3.2:8774/v3", "region": "RegionOne", "internalURL": "http://10.21.3.2:8774/v3", "id": "16be7c8181e146b9abc9b85271874bd7", "publicURL": "http://10.21.2.3:8774/v3"}], "endpoints_links": [], "type": "computev3", "name": "novav3"}, {"endpoints": [{"adminURL": "http://10.21.3.2:8080", "region": "RegionOne", "internalURL": "http://10.21.3.2:8080", "id": "11c07a44a489473386a8e14bdf814100", "publicURL": "http://10.21.2.3:8080"}], "endpoints_links": [], "type": "s3", "name": "swift_s3"}, {"endpoints": [{"adminURL": "http://10.21.3.2:9292", "region": "RegionOne", "internalURL": "http://10.21.3.2:9292", "id": "5e265315d0464c8eb643e8eb7dea1282", "publicURL": "http://10.21.2.3:9292"}], "endpoints_links": [], "type": "image", "name": "glance"}, {"endpoints": [{"adminURL": "http://10.21.3.2:8000/v1", "region": "RegionOne", "internalURL": "http://10.21.3.2:8000/v1", "id": "16abaac97b82438281c2bc9a3e6c2764", "publicURL": "http://10.21.2.3:8000/v1"}], "endpoints_links": [], "type": "cloudformation", "name": "heat-cfn"}, {"endpoints": [{"adminURL": "http://10.21.3.2:8776/v1/913e635f53b04a86839ac98c371fbb80", "region": "RegionOne", "internalURL": "http://10.21.3.2:8776/v1/913e635f53b04a86839ac98c371fbb80", "id": "382d971ccfc14e48b3eac2b301c04e1a", "publicURL": "http://10.21.2.3:8776/v1/913e635f53b04a86839ac98c371fbb80"}], "endpoints_links": [], "type": "volume", "name": "cinder"}, {"endpoints": [{"adminURL": "http://10.21.3.2:8773/services/Admin", "region": "RegionOne", "internalURL": "http://10.21.3.2:8773/services/Cloud", "id": "46a3734e0dc843a1b847ace7c5ba72e8", "publicURL": "http://10.21.2.3:8773/services/Cloud"}], "endpoints_links": [], "type": "ec2", "name": "nova_ec2"}, {"endpoints": [{"adminURL": "http://10.21.3.2:8004/v1/913e635f53b04a86839ac98c371fbb80", "region": "RegionOne", "internalURL": "http://10.21.3.2:8004/v1/913e635f53b04a86839ac98c371fbb80", "id": "581ec11c25204840b6dc70ecd44bc1b2", "publicURL": "http://10.21.2.3:8004/v1/913e635f53b04a86839ac98c371fbb80"}], "endpoints_links": [], "type": "orchestration", "name": "heat"}, {"endpoints": [{"adminURL": "http://10.21.3.2:8080/v1/AUTH_913e635f53b04a86839ac98c371fbb80", "region": "RegionOne", "internalURL": "http://10.21.3.2:8080/v1/AUTH_913e635f53b04a86839ac98c371fbb80", "id": "1f0aaf0c2cb44d9b873dd71060f0a3e5", "publicURL": "http://10.21.2.3:8080/v1/AUTH_913e635f53b04a86839ac98c371fbb80"}], "endpoints_links": [], "type": "object-store", "name": "swift"}, {"endpoints": [{"adminURL": "http://10.21.2.3:35357/v2.0", "region": "RegionOne", "internalURL": "http://10.21.3.2:5000/v2.0", "id": "0748f55163ef42c49bfcc2e252ade89d", "publicURL": "http://10.21.2.3:5000/v2.0"}], 
2015-12-30 12:19:55,081 16325 INFO     [tempest_lib.common.rest_client] Request (TestNetworkAdvancedServerOps:test_server_connectivity_reboot): 200 GET http://10.21.2.3:8774/v2/913e635f53b04a86839ac98c371fbb80/os-networks 0.174s
2015-12-30 12:19:55,081 16325 DEBUG    [tempest_lib.common.rest_client] Request - Headers: {'Content-Type': 'application/json', 'Accept': 'application/json', 'X-Auth-Token': '&lt;omitted>'}
        Body: None
    Response - Headers: {'status': '200', 'content-length': '482', 'content-location': 'http://10.21.2.3:8774/v2/913e635f53b04a86839ac98c371fbb80/os-networks', 'x-compute-request-id': 'req-25b5c7a6-a3f2-4508-a4e7-8d3ddd20bae7', 'connection': 'close', 'date': 'Wed, 30 Dec 2015 12:19:49 GMT', 'content-type': 'application/json'}
        Body: {"networks": [{"cidr_v6": null, "dns2": null, "dns1": null, "gateway": null, "broadcast": null, "netmask": null, "gateway_v6": null, "cidr": null, "label": "tempest-network-smoke--1249193841", "id": "720baa94-2271-4f3a-9376-6de1b98c4356", "netmask_v6": null}, {"cidr_v6": null, "dns2": null, "dns1": null, "gateway": null, "broadcast": null, "netmask": null, "gateway_v6": null, "cidr": null, "label": "net04_ext", "id": "c295385e-76db-4b29-8f83-db67c61845b4", "netmask_v6": null}]}
2015-12-30 12:19:55,082 16325 WARNING  [tempest.common.fixed_network] (TestNetworkAdvancedServerOps:test_server_connectivity_reboot) Network with name: private not found
2015-12-30 12:19:55,082 16325 INFO     [tempest.common.fixed_network] (TestNetworkAdvancedServerOps:test_server_connectivity_reboot) Found network {} available for tenant
2015-12-30 12:19:55,082 16325 DEBUG    [tempest.scenario.manager] Creating a server (name: tempest-server-smoke-1552430520, image: 853f5137-cc7d-42ae-bfa6-09485b753b65, flavor: 1)
2015-12-30 12:19:55,524 16325 INFO     [tempest_lib.common.rest_client] Request (TestNetworkAdvancedServerOps:test_server_connectivity_reboot): 202 POST http://10.21.2.3:8774/v2/913e635f53b04a86839ac98c371fbb80/servers 0.441s
2015-12-30 12:19:55,525 16325 DEBUG    [tempest_lib.common.rest_client] Request - Headers: {'Content-Type': 'application/json', 'Accept': 'application/json', 'X-Auth-Token': '&lt;omitted>'}
        Body: {"server": {"name": "tempest-server-smoke-1552430520", "imageRef": "853f5137-cc7d-42ae-bfa6-09485b753b65", "key_name": "tempest-TestNetworkAdvancedServerOps-1871624660", "flavorRef": "1", "networks": [{"uuid": "720baa94-2271-4f3a-9376-6de1b98c4356"}], "security_groups": [{"name": "tempest-secgroup-smoke-109596180"}]}}
    Response - Headers: {'status': '202', 'content-length': '459', 'x-compute-request-id': 'req-79c0253a-3b65-4ee3-9d8a-0ab8c5ac0b52', 'connection': 'close', 'location': 'http://10.21.2.3:8774/v2/913e635f53b04a86839ac98c371fbb80/servers/ba75056c-163b-4bc6-8368-d12744c0afbf', 'date': 'Wed, 30 Dec 2015 12:19:49 GMT', 'content-type': 'application/json'}
        Body: {"server": {"security_groups": [{"name": "tempest-secgroup-smoke-109596180"}], "OS-DCF:diskConfig": "MANUAL", "id": "ba75056c-163b-4bc6-8368-d12744c0afbf", "links": [{"href": "http://10.21.2.3:8774/v2/913e635f53b04a86839ac98c371fbb80/servers/ba75056c-163b-4bc6-8368-d12744c0afbf", "rel": "self"}, {"href": "http://10.21.2.3:8774/913e635f53b04a86839ac98c371fbb80/servers/ba75056c-163b-4bc6-8368-d12744c0afbf", "rel": "bookmark"}], "adminPass": "SJ5RvbZdK4yn"}}
2015-12-30 12:19:55,628 16325 INFO     [tempest_lib.common.rest_client] Request (TestNetworkAdvancedServerOps:test_server_connectivity_reboot): 200 GET http://10.21.2.3:8774/v2/913e635f53b04a86839ac98c371fbb80/servers/ba75056c-163b-4bc6-8368-d12744c0afbf 0.102s
2015-12-30 12:19:55,629 16325 DEBUG    [tempest_lib.common.rest_client] Request - Headers: {'Content-Type': 'application/json', 'Accept': 'application/json', 'X-Auth-Token': '&lt;omitted>'}
        Body: None
    Response - Headers: {'status': '200', 'content-length': '1354', 'content-location': 'http://10.21.2.3:8774/v2/913e635f53b04a86839ac98c371fbb80/servers/ba75056c-163b-4bc6-8368-d12744c0afbf', 'x-compute-request-id': 'req-be643077-4372-4f29-ae34-48ff19fa60fa', 'connection': 'close', 'date': 'Wed, 30 Dec 2015 12:19:49 GMT', 'content-type': 'application/json'}
        Body: {"server": {"status": "BUILD", "updated": "2015-12-30T12:19:49Z", "hostId": "", "addresses": {}, "links": [{"href": "http://10.21.2.3:8774/v2/913e635f53b04a86839ac98c371fbb80/servers/ba75056c-163b-4bc6-8368-d12744c0afbf", "rel": "self"}, {"href": "http://10.21.2.3:8774/913e635f53b04a86839ac98c371fbb80/servers/ba75056c-163b-4bc6-8368-d12744c0afbf", "rel": "bookmark"}], "key_name": "tempest-TestNetworkAdvancedServerOps-1871624660", "image": {"id": "853f5137-cc7d-42ae-bfa6-09485b753b65", "links": [{"href": "http://10.21.2.3:8774/913e635f53b04a86839ac98c371fbb80/images/853f5137-cc7d-42ae-bfa6-09485b753b65", "rel": "bookmark"}]}, "OS-EXT-STS:task_state": "scheduling", "OS-EXT-STS:vm_state": "building", "OS-SRV-USG:launched_at": null, "flavor": {"id": "1", "links": [{"href": "http://10.21.2.3:8774/913e635f53b04a86839ac98c371fbb80/flavors/1", "rel": "bookmark"}]}, "id": "ba75056c-163b-4bc6-8368-d12744c0afbf", "OS-SRV-USG:terminated_at": null, "OS-EXT-AZ:availability_zone": "nova", "user_id": "3b53bdfa5c8c460ca4f5266d0272906e", "name": "tempest-server-smoke-1552430520", "created": "2015-12-30T12:19:49Z", "tenant_id": "913e635f53b04a86839ac98c371fbb80", "OS-DCF:diskConfig": "MANUAL", "os-extended-volumes:volumes_attached": [], "accessIPv4": "", "accessIPv6": "", "progress": 0, "OS-EXT-STS:power_state": 0, "config_drive": "", "metadata": {}}}
2015-12-30 12:19:56,755 16325 INFO     [tempest_lib.common.rest_client] Request (TestNetworkAdvancedServerOps:test_server_connectivity_reboot): 200 GET http://10.21.2.3:8774/v2/913e635f53b04a86839ac98c371fbb80/servers/ba75056c-163b-4bc6-8368-d12744c0afbf 0.118s
2015-12-30 12:19:56,756 16325 DEBUG    [tempest_lib.common.rest_client] Request - Headers: {'Content-Type': 'application/json', 'Accept': 'application/json', 'X-Auth-Token': '&lt;omitted>'}
        Body: None
    Response - Headers: {'status': '200', 'content-length': '1475', 'content-location': 'http://10.21.2.3:8774/v2/913e635f53b04a86839ac98c371fbb80/servers/ba75056c-163b-4bc6-8368-d12744c0afbf', 'x-compute-request-id': 'req-9eba7c8c-81e5-402a-84ac-835c3ad7f3a2', 'connection': 'close', 'date': 'Wed, 30 Dec 2015 12:19:50 GMT', 'content-type': 'application/json'}
        Body: {"server": {"status": "BUILD", "updated": "2015-12-30T12:19:50Z", "hostId": "cc88a7b18a78cc0a59c931a406a7595a75ff92a191c94d8190eed94e", "addresses": {}, "links": [{"href": "http://10.21.2.3:8774/v2/913e635f53b04a86839ac98c371fbb80/servers/ba75056c-163b-4bc6-8368-d12744c0afbf", "rel": "self"}, {"href": "http://10.21.2.3:8774/913e635f53b04a86839ac98c371fbb80/servers/ba75056c-163b-4bc6-8368-d12744c0afbf", "rel": "bookmark"}], "key_name": "tempest-TestNetworkAdvancedServerOps-1871624660", "image": {"id": "853f5137-cc7d-42ae-bfa6-09485b753b65", "links": [{"href": "http://10.21.2.3:8774/913e635f53b04a86839ac98c371fbb80/images/853f5137-cc7d-42ae-bfa6-09485b753b65", "rel": "bookmark"}]}, "OS-EXT-STS:task_state": "spawning", "OS-EXT-STS:vm_state": "building", "OS-SRV-USG:launched_at": null, "flavor": {"id": "1", "links": [{"href": "http://10.21.2.3:8774/913e635f53b04a86839ac98c371fbb80/flavors/1", "rel": "bookmark"}]}, "id": "ba75056c-163b-4bc6-8368-d12744c0afbf", "security_groups": [{"name": "tempest-secgroup-smoke-109596180"}], "OS-SRV-USG:terminated_at": null, "OS-EXT-AZ:availability_zone": "nova", "user_id": "3b53bdfa5c8c460ca4f5266d0272906e", "name": "tempest-server-smoke-1552430520", "created": "2015-12-30T12:19:49Z", "tenant_id": "913e635f53b04a86839ac98c371fbb80", "OS-DCF:diskConfig": "MANUAL", "os-extended-volumes:volumes_attached": [], "accessIPv4": "", "accessIPv6": "", "progress": 0, "OS-EXT-STS:power_state": 0, "config_drive": "", "metadata": {}}}
2015-12-30 12:19:56,767 16325 INFO     [tempest.common.waiters] State transition "BUILD/scheduling" ==> "BUILD/spawning" after 1 second wait
2015-12-30 12:19:57,897 16325 INFO     [tempest_lib.common.rest_client] Request (TestNetworkAdvancedServerOps:test_server_connectivity_reboot): 200 GET http://10.21.2.3:8774/v2/913e635f53b04a86839ac98c371fbb80/servers/ba75056c-163b-4bc6-8368-d12744c0afbf 0.129s
2015-12-30 12:19:57,898 16325 DEBUG    [tempest_lib.common.rest_client] Request - Headers: {'Content-Type': 'application/json', 'Accept': 'application/json', 'X-Auth-Token': '&lt;omitted>'}
        Body: None
    Response - Headers: {'status': '200', 'content-length': '1475', 'content-location': 'http://10.21.2.3:8774/v2/913e635f53b04a86839ac98c371fbb80/servers/ba75056c-163b-4bc6-8368-d12744c0afbf', 'x-compute-request-id': 'req-baf5c53d-75df-4561-be09-6eb211c2de22', 'connection': 'close', 'date': 'Wed, 30 Dec 2015 12:19:51 GMT', 'content-type': 'application/json'}
        Body: {"server": {"status": "BUILD", "updated": "2015-12-30T12:19:50Z", "hostId": "cc88a7b18a78cc0a59c931a406a7595a75ff92a191c94d8190eed94e", "addresses": {}, "links": [{"href": "http://10.21.2.3:8774/v2/913e635f53b04a86839ac98c371fbb80/servers/ba75056c-163b-4bc6-8368-d12744c0afbf", "rel": "self"}, {"href": "http://10.21.2.3:8774/913e635f53b04a86839ac98c371fbb80/servers/ba75056c-163b-4bc6-8368-d12744c0afbf", "rel": "bookmark"}], "key_name": "tempest-TestNetworkAdvancedServerOps-1871624660", "image": {"id": "853f5137-cc7d-42ae-bfa6-09485b753b65", "links": [{"href": "http://10.21.2.3:8774/913e635f53b04a86839ac98c371fbb80/images/853f5137-cc7d-42ae-bfa6-09485b753b65", "rel": "bookmark"}]}, "OS-EXT-STS:task_state": "spawning", "OS-EXT-STS:vm_state": "building", "OS-SRV-USG:launched_at": null, "flavor": {"id": "1", "links": [{"href": "http://10.21.2.3:8774/913e635f53b04a86839ac98c371fbb80/flavors/1", "rel": "bookmark"}]}, "id": "ba75056c-163b-4bc6-8368-d12744c0afbf", "security_groups": [{"name": "tempest-secgroup-smoke-109596180"}], "OS-SRV-USG:terminated_at": null, "OS-EXT-AZ:availability_zone": "nova", "user_id": "3b53bdfa5c8c460ca4f5266d0272906e", "name": "tempest-server-smoke-1552430520", "created": "2015-12-30T12:19:49Z", "tenant_id": "913e635f53b04a86839ac98c371fbb80", "OS-DCF:diskConfig": "MANUAL", "os-extended-volumes:volumes_attached": [], "accessIPv4": "", "accessIPv6": "", "progress": 0, "OS-EXT-STS:power_state": 0, "config_drive": "", "metadata": {}}}
2015-12-30 12:19:59,066 16325 INFO     [tempest_lib.common.rest_client] Request (TestNetworkAdvancedServerOps:test_server_connectivity_reboot): 200 GET http://10.21.2.3:8774/v2/913e635f53b04a86839ac98c371fbb80/servers/ba75056c-163b-4bc6-8368-d12744c0afbf 0.155s
2015-12-30 12:19:59,066 16325 DEBUG    [tempest_lib.common.rest_client] Request - Headers: {'Content-Type': 'application/json', 'Accept': 'application/json', 'X-Auth-Token': '&lt;omitted>'}
        Body: None
    Response - Headers: {'status': '200', 'content-length': '1475', 'content-location': 'http://10.21.2.3:8774/v2/913e635f53b04a86839ac98c371fbb80/servers/ba75056c-163b-4bc6-8368-d12744c0afbf', 'x-compute-request-id': 'req-213192fa-e6c1-40cc-b0b7-ec8c5e001609', 'connection': 'close', 'date': 'Wed, 30 Dec 2015 12:19:53 GMT', 'content-type': 'application/json'}
        Body: {"server": {"status": "BUILD", "updated": "2015-12-30T12:19:50Z", "hostId": "cc88a7b18a78cc0a59c931a406a7595a75ff92a191c94d8190eed94e", "addresses": {}, "links": [{"href": "http://10.21.2.3:8774/v2/913e635f53b04a86839ac98c371fbb80/servers/ba75056c-163b-4bc6-8368-d12744c0afbf", "rel": "self"}, {"href": "http://10.21.2.3:8774/913e635f53b04a86839ac98c371fbb80/servers/ba75056c-163b-4bc6-8368-d12744c0afbf", "rel": "bookmark"}], "key_name": "tempest-TestNetworkAdvancedServerOps-1871624660", "image": {"id": "853f5137-cc7d-42ae-bfa6-09485b753b65", "links": [{"href": "http://10.21.2.3:8774/913e635f53b04a86839ac98c371fbb80/images/853f5137-cc7d-42ae-bfa6-09485b753b65", "rel": "bookmark"}]}, "OS-EXT-STS:task_state": "spawning", "OS-EXT-STS:vm_state": "building", "OS-SRV-USG:launched_at": null, "flavor": {"id": "1", "links": [{"href": "http://10.21.2.3:8774/913e635f53b04a86839ac98c371fbb80/flavors/1", "rel": "bookmark"}]}, "id": "ba75056c-163b-4bc6-8368-d12744c0afbf", "security_groups": [{"name": "tempest-secgroup-smoke-109596180"}], "OS-SRV-USG:terminated_at": null, "OS-EXT-AZ:availability_zone": "nova", "user_id": "3b53bdfa5c8c460ca4f5266d0272906e", "name": "tempest-server-smoke-1552430520", "created": "2015-12-30T12:19:49Z", "tenant_id": "913e635f53b04a86839ac98c371fbb80", "OS-DCF:diskConfig": "MANUAL", "os-extended-volumes:volumes_attached": [], "accessIPv4": "", "accessIPv6": "", "progress": 0, "OS-EXT-STS:power_state": 0, "config_drive": "", "metadata": {}}}
2015-12-30 12:20:00,374 16325 INFO     [tempest_lib.common.rest_client] Request (TestNetworkAdvancedServerOps:test_server_connectivity_reboot): 200 GET http://10.21.2.3:8774/v2/913e635f53b04a86839ac98c371fbb80/servers/ba75056c-163b-4bc6-8368-d12744c0afbf 0.295s
2015-12-30 12:20:00,374 16325 DEBUG    [tempest_lib.common.rest_client] Request - Headers: {'Content-Type': 'application/json', 'Accept': 'application/json', 'X-Auth-Token': '&lt;omitted>'}
        Body: None
    Response - Headers: {'status': '200', 'content-length': '1475', 'content-location': 'http://10.21.2.3:8774/v2/913e635f53b04a86839ac98c371fbb80/servers/ba75056c-163b-4bc6-8368-d12744c0afbf', 'x-compute-request-id': 'req-9e960e2e-07ed-4c6f-aa6d-94f3e672259c', 'connection': 'close', 'date': 'Wed, 30 Dec 2015 12:19:54 GMT', 'content-type': 'application/json'}
        Body: {"server": {"status": "BUILD", "updated": "2015-12-30T12:19:50Z", "hostId": "cc88a7b18a78cc0a59c931a406a7595a75ff92a191c94d8190eed94e", "addresses": {}, "links": [{"href": "http://10.21.2.3:8774/v2/913e635f53b04a86839ac98c371fbb80/servers/ba75056c-163b-4bc6-8368-d12744c0afbf", "rel": "self"}, {"href": "http://10.21.2.3:8774/913e635f53b04a86839ac98c371fbb80/servers/ba75056c-163b-4bc6-8368-d12744c0afbf", "rel": "bookmark"}], "key_name": "tempest-TestNetworkAdvancedServerOps-1871624660", "image": {"id": "853f5137-cc7d-42ae-bfa6-09485b753b65", "links": [{"href": "http://10.21.2.3:8774/913e635f53b04a86839ac98c371fbb80/images/853f5137-cc7d-42ae-bfa6-09485b753b65", "rel": "bookmark"}]}, "OS-EXT-STS:task_state": "spawning", "OS-EXT-STS:vm_state": "building", "OS-SRV-USG:launched_at": null, "flavor": {"id": "1", "links": [{"href": "http://10.21.2.3:8774/913e635f53b04a86839ac98c371fbb80/flavors/1", "rel": "bookmark"}]}, "id": "ba75056c-163b-4bc6-8368-d12744c0afbf", "security_groups": [{"name": "tempest-secgroup-smoke-109596180"}], "OS-SRV-USG:terminated_at": null, "OS-EXT-AZ:availability_zone": "nova", "user_id": "3b53bdfa5c8c460ca4f5266d0272906e", "name": "tempest-server-smoke-1552430520", "created": "2015-12-30T12:19:49Z", "tenant_id": "913e635f53b04a86839ac98c371fbb80", "OS-DCF:diskConfig": "MANUAL", "os-extended-volumes:volumes_attached": [], "accessIPv4": "", "accessIPv6": "", "progress": 0, "OS-EXT-STS:power_state": 0, "config_drive": "", "metadata": {}}}
2015-12-30 12:20:01,527 16325 INFO     [tempest_lib.common.rest_client] Request (TestNetworkAdvancedServerOps:test_server_connectivity_reboot): 200 GET http://10.21.2.3:8774/v2/913e635f53b04a86839ac98c371fbb80/servers/ba75056c-163b-4bc6-8368-d12744c0afbf 0.140s
2015-12-30 12:20:01,527 16325 DEBUG    [tempest_lib.common.rest_client] Request - Headers: {'Content-Type': 'application/json', 'Accept': 'application/json', 'X-Auth-Token': '&lt;omitted>'}
        Body: None
    Response - Headers: {'status': '200', 'content-length': '1475', 'content-location': 'http://10.21.2.3:8774/v2/913e635f53b04a86839ac98c371fbb80/servers/ba75056c-163b-4bc6-8368-d12744c0afbf', 'x-compute-request-id': 'req-8b628e9b-be2a-41dc-b523-1bf8d2ca0a33', 'connection': 'close', 'date': 'Wed, 30 Dec 2015 12:19:55 GMT', 'content-type': 'application/json'}
        Body: {"server": {"status": "BUILD", "updated": "2015-12-30T12:19:50Z", "hostId": "cc88a7b18a78cc0a59c931a406a7595a75ff92a191c94d8190eed94e", "addresses": {}, "links": [{"href": "http://10.21.2.3:8774/v2/913e635f53b04a86839ac98c371fbb80/servers/ba75056c-163b-4bc6-8368-d12744c0afbf", "rel": "self"}, {"href": "http://10.21.2.3:8774/913e635f53b04a86839ac98c371fbb80/servers/ba75056c-163b-4bc6-8368-d12744c0afbf", "rel": "bookmark"}], "key_name": "tempest-TestNetworkAdvancedServerOps-1871624660", "image": {"id": "853f5137-cc7d-42ae-bfa6-09485b753b65", "links": [{"href": "http://10.21.2.3:8774/913e635f53b04a86839ac98c371fbb80/images/853f5137-cc7d-42ae-bfa6-09485b753b65", "rel": "bookmark"}]}, "OS-EXT-STS:task_state": "spawning", "OS-EXT-STS:vm_state": "building", "OS-SRV-USG:launched_at": null, "flavor": {"id": "1", "links": [{"href": "http://10.21.2.3:8774/913e635f53b04a86839ac98c371fbb80/flavors/1", "rel": "bookmark"}]}, "id": "ba75056c-163b-4bc6-8368-d12744c0afbf", "security_groups": [{"name": "tempest-secgroup-smoke-109596180"}], "OS-SRV-USG:terminated_at": null, "OS-EXT-AZ:availability_zone": "nova", "user_id": "3b53bdfa5c8c460ca4f5266d0272906e", "name": "tempest-server-smoke-1552430520", "created": "2015-12-30T12:19:49Z", "tenant_id": "913e635f53b04a86839ac98c371fbb80", "OS-DCF:diskConfig": "MANUAL", "os-extended-volumes:volumes_attached": [], "accessIPv4": "", "accessIPv6": "", "progress": 0, "OS-EXT-STS:power_state": 0, "config_drive": "", "metadata": {}}}
2015-12-30 12:20:02,689 16325 INFO     [tempest_lib.common.rest_client] Request (TestNetworkAdvancedServerOps:test_server_connectivity_reboot): 200 GET http://10.21.2.3:8774/v2/913e635f53b04a86839ac98c371fbb80/servers/ba75056c-163b-4bc6-8368-d12744c0afbf 0.149s
2015-12-30 12:20:02,689 16325 DEBUG    [tempest_lib.common.rest_client] Request - Headers: {'Content-Type': 'application/json', 'Accept': 'application/json', 'X-Auth-Token': '&lt;omitted>'}
        Body: None
    Response - Headers: {'status': '200', 'content-length': '1475', 'content-location': 'http://10.21.2.3:8774/v2/913e635f53b04a86839ac98c371fbb80/servers/ba75056c-163b-4bc6-8368-d12744c0afbf', 'x-compute-request-id': 'req-5d46720a-42db-465d-b506-30a0ee6fe7ff', 'connection': 'close', 'date': 'Wed, 30 Dec 2015 12:19:56 GMT', 'content-type': 'application/json'}
        Body: {"server": {"status": "BUILD", "updated": "2015-12-30T12:19:50Z", "hostId": "cc88a7b18a78cc0a59c931a406a7595a75ff92a191c94d8190eed94e", "addresses": {}, "links": [{"href": "http://10.21.2.3:8774/v2/913e635f53b04a86839ac98c371fbb80/servers/ba75056c-163b-4bc6-8368-d12744c0afbf", "rel": "self"}, {"href": "http://10.21.2.3:8774/913e635f53b04a86839ac98c371fbb80/servers/ba75056c-163b-4bc6-8368-d12744c0afbf", "rel": "bookmark"}], "key_name": "tempest-TestNetworkAdvancedServerOps-1871624660", "image": {"id": "853f5137-cc7d-42ae-bfa6-09485b753b65", "links": [{"href": "http://10.21.2.3:8774/913e635f53b04a86839ac98c371fbb80/images/853f5137-cc7d-42ae-bfa6-09485b753b65", "rel": "bookmark"}]}, "OS-EXT-STS:task_state": "spawning", "OS-EXT-STS:vm_state": "building", "OS-SRV-USG:launched_at": null, "flavor": {"id": "1", "links": [{"href": "http://10.21.2.3:8774/913e635f53b04a86839ac98c371fbb80/flavors/1", "rel": "bookmark"}]}, "id": "ba75056c-163b-4bc6-8368-d12744c0afbf", "security_groups": [{"name": "tempest-secgroup-smoke-109596180"}], "OS-SRV-USG:terminated_at": null, "OS-EXT-AZ:availability_zone": "nova", "user_id": "3b53bdfa5c8c460ca4f5266d0272906e", "name": "tempest-server-smoke-1552430520", "created": "2015-12-30T12:19:49Z", "tenant_id": "913e635f53b04a86839ac98c371fbb80", "OS-DCF:diskConfig": "MANUAL", "os-extended-volumes:volumes_attached": [], "accessIPv4": "", "accessIPv6": "", "progress": 0, "OS-EXT-STS:power_state": 0, "config_drive": "", "metadata": {}}}
2015-12-30 12:20:03,866 16325 INFO     [tempest_lib.common.rest_client] Request (TestNetworkAdvancedServerOps:test_server_connectivity_reboot): 200 GET http://10.21.2.3:8774/v2/913e635f53b04a86839ac98c371fbb80/servers/ba75056c-163b-4bc6-8368-d12744c0afbf 0.169s
2015-12-30 12:20:03,866 16325 DEBUG    [tempest_lib.common.rest_client] Request - Headers: {'Content-Type': 'application/json', 'Accept': 'application/json', 'X-Auth-Token': '&lt;omitted>'}
        Body: None
    Response - Headers: {'status': '200', 'content-length': '1643', 'content-location': 'http://10.21.2.3:8774/v2/913e635f53b04a86839ac98c371fbb80/servers/ba75056c-163b-4bc6-8368-d12744c0afbf', 'x-compute-request-id': 'req-f7716322-9d12-4ce3-a7ec-985e112f3f47', 'connection': 'close', 'date': 'Wed, 30 Dec 2015 12:19:57 GMT', 'content-type': 'application/json'}
        Body: {"server": {"status": "ACTIVE", "updated": "2015-12-30T12:19:57Z", "hostId": "cc88a7b18a78cc0a59c931a406a7595a75ff92a191c94d8190eed94e", "addresses": {"tempest-network-smoke--1249193841": [{"OS-EXT-IPS-MAC:mac_addr": "fa:16:3e:02:3c:0d", "version": 4, "addr": "10.100.0.3", "OS-EXT-IPS:type": "fixed"}]}, "links": [{"href": "http://10.21.2.3:8774/v2/913e635f53b04a86839ac98c371fbb80/servers/ba75056c-163b-4bc6-8368-d12744c0afbf", "rel": "self"}, {"href": "http://10.21.2.3:8774/913e635f53b04a86839ac98c371fbb80/servers/ba75056c-163b-4bc6-8368-d12744c0afbf", "rel": "bookmark"}], "key_name": "tempest-TestNetworkAdvancedServerOps-1871624660", "image": {"id": "853f5137-cc7d-42ae-bfa6-09485b753b65", "links": [{"href": "http://10.21.2.3:8774/913e635f53b04a86839ac98c371fbb80/images/853f5137-cc7d-42ae-bfa6-09485b753b65", "rel": "bookmark"}]}, "OS-EXT-STS:task_state": null, "OS-EXT-STS:vm_state": "active", "OS-SRV-USG:launched_at": "2015-12-30T12:19:57.000000", "flavor": {"id": "1", "links": [{"href": "http://10.21.2.3:8774/913e635f53b04a86839ac98c371fbb80/flavors/1", "rel": "bookmark"}]}, "id": "ba75056c-163b-4bc6-8368-d12744c0afbf", "security_groups": [{"name": "tempest-secgroup-smoke-109596180"}], "OS-SRV-USG:terminated_at": null, "OS-EXT-AZ:availability_zone": "nova", "user_id": "3b53bdfa5c8c460ca4f5266d0272906e", "name": "tempest-server-smoke-1552430520", "created": "2015-12-30T12:19:49Z", "tenant_id": "913e635f53b04a86839ac98c371fbb80", "OS-DCF:diskConfig": "MANUAL", "os-extended-volumes:volumes_attached": [], "accessIPv4": "", "accessIPv6": "", "progress": 0, "OS-EXT-STS:power_state": 1, "config_drive": "", "metadata": {}}}
2015-12-30 12:20:03,877 16325 INFO     [tempest.common.waiters] State transition "BUILD/spawning" ==> "ACTIVE/None" after 8 second wait
2015-12-30 12:20:04,016 16325 INFO     [tempest_lib.common.rest_client] Request (TestNetworkAdvancedServerOps:test_server_connectivity_reboot): 200 GET http://10.21.2.3:8774/v2/913e635f53b04a86839ac98c371fbb80/servers/ba75056c-163b-4bc6-8368-d12744c0afbf 0.138s
2015-12-30 12:20:04,017 16325 DEBUG    [tempest_lib.common.rest_client] Request - Headers: {'Content-Type': 'application/json', 'Accept': 'application/json', 'X-Auth-Token': '&lt;omitted>'}
        Body: None
    Response - Headers: {'status': '200', 'content-length': '1643', 'content-location': 'http://10.21.2.3:8774/v2/913e635f53b04a86839ac98c371fbb80/servers/ba75056c-163b-4bc6-8368-d12744c0afbf', 'x-compute-request-id': 'req-b9212602-3588-41c2-9529-8db6bd1c1359', 'connection': 'close', 'date': 'Wed, 30 Dec 2015 12:19:57 GMT', 'content-type': 'application/json'}
        Body: {"server": {"status": "ACTIVE", "updated": "2015-12-30T12:19:57Z", "hostId": "cc88a7b18a78cc0a59c931a406a7595a75ff92a191c94d8190eed94e", "addresses": {"tempest-network-smoke--1249193841": [{"OS-EXT-IPS-MAC:mac_addr": "fa:16:3e:02:3c:0d", "version": 4, "addr": "10.100.0.3", "OS-EXT-IPS:type": "fixed"}]}, "links": [{"href": "http://10.21.2.3:8774/v2/913e635f53b04a86839ac98c371fbb80/servers/ba75056c-163b-4bc6-8368-d12744c0afbf", "rel": "self"}, {"href": "http://10.21.2.3:8774/913e635f53b04a86839ac98c371fbb80/servers/ba75056c-163b-4bc6-8368-d12744c0afbf", "rel": "bookmark"}], "key_name": "tempest-TestNetworkAdvancedServerOps-1871624660", "image": {"id": "853f5137-cc7d-42ae-bfa6-09485b753b65", "links": [{"href": "http://10.21.2.3:8774/913e635f53b04a86839ac98c371fbb80/images/853f5137-cc7d-42ae-bfa6-09485b753b65", "rel": "bookmark"}]}, "OS-EXT-STS:task_state": null, "OS-EXT-STS:vm_state": "active", "OS-SRV-USG:launched_at": "2015-12-30T12:19:57.000000", "flavor": {"id": "1", "links": [{"href": "http://10.21.2.3:8774/913e635f53b04a86839ac98c371fbb80/flavors/1", "rel": "bookmark"}]}, "id": "ba75056c-163b-4bc6-8368-d12744c0afbf", "security_groups": [{"name": "tempest-secgroup-smoke-109596180"}], "OS-SRV-USG:terminated_at": null, "OS-EXT-AZ:availability_zone": "nova", "user_id": "3b53bdfa5c8c460ca4f5266d0272906e", "name": "tempest-server-smoke-1552430520", "created": "2015-12-30T12:19:49Z", "tenant_id": "913e635f53b04a86839ac98c371fbb80", "OS-DCF:diskConfig": "MANUAL", "os-extended-volumes:volumes_attached": [], "accessIPv4": "", "accessIPv6": "", "progress": 0, "OS-EXT-STS:power_state": 1, "config_drive": "", "metadata": {}}}
2015-12-30 12:20:04,136 16325 INFO     [tempest_lib.common.rest_client] Request (TestNetworkAdvancedServerOps:test_server_connectivity_reboot): 200 GET http://10.21.2.3:9696/v2.0/ports?fixed_ip=None&amp;device_id=ba75056c-163b-4bc6-8368-d12744c0afbf 0.107s
2015-12-30 12:20:04,136 16325 DEBUG    [tempest_lib.common.rest_client] Request - Headers: {'Content-Type': 'application/json', 'Accept': 'application/json', 'X-Auth-Token': '&lt;omitted>'}
        Body: None
    Response - Headers: {'status': '200', 'content-length': '743', 'content-location': 'http://10.21.2.3:9696/v2.0/ports?fixed_ip=None&amp;device_id=ba75056c-163b-4bc6-8368-d12744c0afbf', 'connection': 'close', 'date': 'Wed, 30 Dec 2015 12:19:58 GMT', 'content-type': 'application/json; charset=UTF-8', 'x-openstack-request-id': 'req-152dafba-4f67-4668-957e-c77ccc43003f'}
        Body: {"ports": [{"status": "ACTIVE", "binding:host_id": "node-23.domain.tld", "allowed_address_pairs": [], "extra_dhcp_opts": [], "device_owner": "compute:None", "binding:profile": {}, "fixed_ips": [{"subnet_id": "10790a3e-b735-481b-a15b-0c4d8a6bf181", "ip_address": "10.100.0.3"}], "id": "698056b0-a760-426f-9fd3-1efd150c3b4f", "security_groups": ["bf137e05-c595-4eed-9c6f-eee4578193e8"], "device_id": "ba75056c-163b-4bc6-8368-d12744c0afbf", "name": "", "admin_state_up": true, "network_id": "720baa94-2271-4f3a-9376-6de1b98c4356", "tenant_id": "913e635f53b04a86839ac98c371fbb80", "binding:vif_details": {"port_filter": true, "ovs_hybrid_plug": true}, "binding:vnic_type": "normal", "binding:vif_type": "ovs", "mac_address": "fa:16:3e:02:3c:0d"}]}
2015-12-30 12:20:04,383 16325 INFO     [tempest_lib.common.rest_client] Request (TestNetworkAdvancedServerOps:test_server_connectivity_reboot): 201 POST http://10.21.2.3:9696/v2.0/floatingips 0.247s
2015-12-30 12:20:04,384 16325 DEBUG    [tempest_lib.common.rest_client] Request - Headers: {'Content-Type': 'application/json', 'Accept': 'application/json', 'X-Auth-Token': '&lt;omitted>'}
        Body: {"floatingip": {"floating_network_id": "c295385e-76db-4b29-8f83-db67c61845b4", "tenant_id": "913e635f53b04a86839ac98c371fbb80", "fixed_ip_address": "10.100.0.3", "port_id": "698056b0-a760-426f-9fd3-1efd150c3b4f"}}
    Response - Headers: {'status': '201', 'content-length': '368', 'connection': 'close', 'date': 'Wed, 30 Dec 2015 12:19:58 GMT', 'content-type': 'application/json; charset=UTF-8', 'x-openstack-request-id': 'req-0d44ebf7-2794-41b2-8c9d-be98c31596e0'}
        Body: {"floatingip": {"floating_network_id": "c295385e-76db-4b29-8f83-db67c61845b4", "router_id": "ed807724-4120-4b76-b35e-f7beb3cb4ce5", "fixed_ip_address": "10.100.0.3", "floating_ip_address": "10.21.2.253", "tenant_id": "913e635f53b04a86839ac98c371fbb80", "status": "DOWN", "port_id": "698056b0-a760-426f-9fd3-1efd150c3b4f", "id": "26b90180-fb54-4ed8-8aa2-5cf9cc88380e"}}
2015-12-30 12:20:04,686 16325 INFO     [tempest_lib.common.rest_client] Request (TestNetworkAdvancedServerOps:test_server_connectivity_reboot): 200 GET http://10.21.2.3:8774/v2/913e635f53b04a86839ac98c371fbb80/servers/ba75056c-163b-4bc6-8368-d12744c0afbf 0.301s
2015-12-30 12:20:04,686 16325 DEBUG    [tempest_lib.common.rest_client] Request - Headers: {'Content-Type': 'application/json', 'Accept': 'application/json', 'X-Auth-Token': '&lt;omitted>'}
        Body: None
    Response - Headers: {'status': '200', 'content-length': '1643', 'content-location': 'http://10.21.2.3:8774/v2/913e635f53b04a86839ac98c371fbb80/servers/ba75056c-163b-4bc6-8368-d12744c0afbf', 'x-compute-request-id': 'req-0798c69b-fde4-464d-a8fa-5914ad072212', 'connection': 'close', 'date': 'Wed, 30 Dec 2015 12:19:58 GMT', 'content-type': 'application/json'}
        Body: {"server": {"status": "ACTIVE", "updated": "2015-12-30T12:19:57Z", "hostId": "cc88a7b18a78cc0a59c931a406a7595a75ff92a191c94d8190eed94e", "addresses": {"tempest-network-smoke--1249193841": [{"OS-EXT-IPS-MAC:mac_addr": "fa:16:3e:02:3c:0d", "version": 4, "addr": "10.100.0.3", "OS-EXT-IPS:type": "fixed"}]}, "links": [{"href": "http://10.21.2.3:8774/v2/913e635f53b04a86839ac98c371fbb80/servers/ba75056c-163b-4bc6-8368-d12744c0afbf", "rel": "self"}, {"href": "http://10.21.2.3:8774/913e635f53b04a86839ac98c371fbb80/servers/ba75056c-163b-4bc6-8368-d12744c0afbf", "rel": "bookmark"}], "key_name": "tempest-TestNetworkAdvancedServerOps-1871624660", "image": {"id": "853f5137-cc7d-42ae-bfa6-09485b753b65", "links": [{"href": "http://10.21.2.3:8774/913e635f53b04a86839ac98c371fbb80/images/853f5137-cc7d-42ae-bfa6-09485b753b65", "rel": "bookmark"}]}, "OS-EXT-STS:task_state": null, "OS-EXT-STS:vm_state": "active", "OS-SRV-USG:launched_at": "2015-12-30T12:19:57.000000", "flavor": {"id": "1", "links": [{"href": "http://10.21.2.3:8774/913e635f53b04a86839ac98c371fbb80/flavors/1", "rel": "bookmark"}]}, "id": "ba75056c-163b-4bc6-8368-d12744c0afbf", "security_groups": [{"name": "tempest-secgroup-smoke-109596180"}], "OS-SRV-USG:terminated_at": null, "OS-EXT-AZ:availability_zone": "nova", "user_id": "3b53bdfa5c8c460ca4f5266d0272906e", "name": "tempest-server-smoke-1552430520", "created": "2015-12-30T12:19:49Z", "tenant_id": "913e635f53b04a86839ac98c371fbb80", "OS-DCF:diskConfig": "MANUAL", "os-extended-volumes:volumes_attached": [], "accessIPv4": "", "accessIPv6": "", "progress": 0, "OS-EXT-STS:power_state": 1, "config_drive": "", "metadata": {}}}
2015-12-30 12:20:04,693 16325 INFO     [tempest.scenario.manager] Tenant networks not configured to be reachable.
2015-12-30 12:20:04,704 16325 INFO     [tempest_lib.common.rest_client] Request (TestNetworkAdvancedServerOps:test_server_connectivity_reboot): 200 GET http://10.21.2.3:9696/v2.0/floatingips/26b90180-fb54-4ed8-8aa2-5cf9cc88380e 0.011s
2015-12-30 12:20:04,705 16325 DEBUG    [tempest_lib.common.rest_client] Request - Headers: {'Content-Type': 'application/json', 'Accept': 'application/json', 'X-Auth-Token': '&lt;omitted>'}
        Body: None
    Response - Headers: {'status': '200', 'content-length': '368', 'content-location': 'http://10.21.2.3:9696/v2.0/floatingips/26b90180-fb54-4ed8-8aa2-5cf9cc88380e', 'connection': 'close', 'date': 'Wed, 30 Dec 2015 12:19:58 GMT', 'content-type': 'application/json; charset=UTF-8', 'x-openstack-request-id': 'req-9b5695a9-6b50-401e-9aa6-23edbd3660d6'}
        Body: {"floatingip": {"floating_network_id": "c295385e-76db-4b29-8f83-db67c61845b4", "router_id": "ed807724-4120-4b76-b35e-f7beb3cb4ce5", "fixed_ip_address": "10.100.0.3", "floating_ip_address": "10.21.2.253", "tenant_id": "913e635f53b04a86839ac98c371fbb80", "status": "DOWN", "port_id": "698056b0-a760-426f-9fd3-1efd150c3b4f", "id": "26b90180-fb54-4ed8-8aa2-5cf9cc88380e"}}
2015-12-30 12:20:05,717 16325 INFO     [tempest_lib.common.rest_client] Request (TestNetworkAdvancedServerOps:test_server_connectivity_reboot): 200 GET http://10.21.2.3:9696/v2.0/floatingips/26b90180-fb54-4ed8-8aa2-5cf9cc88380e 0.010s
2015-12-30 12:20:05,717 16325 DEBUG    [tempest_lib.common.rest_client] Request - Headers: {'Content-Type': 'application/json', 'Accept': 'application/json', 'X-Auth-Token': '&lt;omitted>'}
        Body: None
    Response - Headers: {'status': '200', 'content-length': '370', 'content-location': 'http://10.21.2.3:9696/v2.0/floatingips/26b90180-fb54-4ed8-8aa2-5cf9cc88380e', 'connection': 'close', 'date': 'Wed, 30 Dec 2015 12:19:59 GMT', 'content-type': 'application/json; charset=UTF-8', 'x-openstack-request-id': 'req-f0675302-d702-4eed-8cd8-ad560e502971'}
        Body: {"floatingip": {"floating_network_id": "c295385e-76db-4b29-8f83-db67c61845b4", "router_id": "ed807724-4120-4b76-b35e-f7beb3cb4ce5", "fixed_ip_address": "10.100.0.3", "floating_ip_address": "10.21.2.253", "tenant_id": "913e635f53b04a86839ac98c371fbb80", "status": "ACTIVE", "port_id": "698056b0-a760-426f-9fd3-1efd150c3b4f", "id": "26b90180-fb54-4ed8-8aa2-5cf9cc88380e"}}
2015-12-30 12:20:05,717 16325 INFO     [tempest.scenario.manager] FloatingIP: &lt;"FloatingIP" addr="10.21.2.253" id="26b90180-fb54-4ed8-8aa2-5cf9cc88380e"> is at status: ACTIVE
2015-12-30 12:20:05,718 16325 DEBUG    [tempest.scenario.manager] checking network connections to IP 10.21.2.253 with user: cirros
2015-12-30 12:20:07,730 16325 INFO     [tempest_lib.common.ssh] Creating ssh connection to '10.21.2.253' as 'cirros' with public key authentication
2015-12-30 12:20:08,730 16325 INFO     [paramiko.transport] Connected (version 2.0, client dropbear_2012.55)
2015-12-30 12:20:12,518 16325 INFO     [paramiko.transport] Authentication (publickey) successful!
2015-12-30 12:20:12,520 16325 INFO     [tempest_lib.common.ssh] ssh connection to cirros@10.21.2.253 successfuly created
2015-12-30 12:20:12,780 16325 INFO     [tempest_lib.common.rest_client] Request (TestNetworkAdvancedServerOps:test_server_connectivity_reboot): 202 POST http://10.21.2.3:8774/v2/913e635f53b04a86839ac98c371fbb80/servers/ba75056c-163b-4bc6-8368-d12744c0afbf/action 0.145s
2015-12-30 12:20:12,780 16325 DEBUG    [tempest_lib.common.rest_client] Request - Headers: {'Content-Type': 'application/json', 'Accept': 'application/json', 'X-Auth-Token': '&lt;omitted>'}
        Body: {"reboot": {"type": "SOFT"}}
    Response - Headers: {'status': '202', 'content-length': '0', 'x-compute-request-id': 'req-fc9610ff-f482-47f9-a080-31972a1c71c1', 'connection': 'close', 'date': 'Wed, 30 Dec 2015 12:20:06 GMT', 'content-type': 'text/html; charset=UTF-8'}
        Body: 
2015-12-30 12:20:12,920 16325 INFO     [tempest_lib.common.rest_client] Request (TestNetworkAdvancedServerOps:test_server_connectivity_reboot): 200 GET http://10.21.2.3:8774/v2/913e635f53b04a86839ac98c371fbb80/servers/ba75056c-163b-4bc6-8368-d12744c0afbf 0.120s
2015-12-30 12:20:12,920 16325 DEBUG    [tempest_lib.common.rest_client] Request - Headers: {'Content-Type': 'application/json', 'Accept': 'application/json', 'X-Auth-Token': '&lt;omitted>'}
        Body: None
    Response - Headers: {'status': '200', 'content-length': '1753', 'content-location': 'http://10.21.2.3:8774/v2/913e635f53b04a86839ac98c371fbb80/servers/ba75056c-163b-4bc6-8368-d12744c0afbf', 'x-compute-request-id': 'req-1d36bf44-a9b6-459f-8093-3d737d414a23', 'connection': 'close', 'date': 'Wed, 30 Dec 2015 12:20:06 GMT', 'content-type': 'application/json'}
        Body: {"server": {"status": "REBOOT", "updated": "2015-12-30T12:20:07Z", "hostId": "cc88a7b18a78cc0a59c931a406a7595a75ff92a191c94d8190eed94e", "addresses": {"tempest-network-smoke--1249193841": [{"OS-EXT-IPS-MAC:mac_addr": "fa:16:3e:02:3c:0d", "version": 4, "addr": "10.100.0.3", "OS-EXT-IPS:type": "fixed"}, {"OS-EXT-IPS-MAC:mac_addr": "fa:16:3e:02:3c:0d", "version": 4, "addr": "10.21.2.253", "OS-EXT-IPS:type": "floating"}]}, "links": [{"href": "http://10.21.2.3:8774/v2/913e635f53b04a86839ac98c371fbb80/servers/ba75056c-163b-4bc6-8368-d12744c0afbf", "rel": "self"}, {"href": "http://10.21.2.3:8774/913e635f53b04a86839ac98c371fbb80/servers/ba75056c-163b-4bc6-8368-d12744c0afbf", "rel": "bookmark"}], "key_name": "tempest-TestNetworkAdvancedServerOps-1871624660", "image": {"id": "853f5137-cc7d-42ae-bfa6-09485b753b65", "links": [{"href": "http://10.21.2.3:8774/913e635f53b04a86839ac98c371fbb80/images/853f5137-cc7d-42ae-bfa6-09485b753b65", "rel": "bookmark"}]}, "OS-EXT-STS:task_state": "rebooting", "OS-EXT-STS:vm_state": "active", "OS-SRV-USG:launched_at": "2015-12-30T12:19:57.000000", "flavor": {"id": "1", "links": [{"href": "http://10.21.2.3:8774/913e635f53b04a86839ac98c371fbb80/flavors/1", "rel": "bookmark"}]}, "id": "ba75056c-163b-4bc6-8368-d12744c0afbf", "security_groups": [{"name": "tempest-secgroup-smoke-109596180"}], "OS-SRV-USG:terminated_at": null, "OS-EXT-AZ:availability_zone": "nova", "user_id": "3b53bdfa5c8c460ca4f5266d0272906e", "name": "tempest-server-smoke-1552430520", "created": "2015-12-30T12:19:49Z", "tenant_id": "913e635f53b04a86839ac98c371fbb80", "OS-DCF:diskConfig": "MANUAL", "os-extended-volumes:volumes_attached": [], "accessIPv4": "", "accessIPv6": "", "OS-EXT-STS:power_state": 1, "config_drive": "", "metadata": {}}}
2015-12-30 12:20:14,069 16325 INFO     [tempest_lib.common.rest_client] Request (TestNetworkAdvancedServerOps:test_server_connectivity_reboot): 200 GET http://10.21.2.3:8774/v2/913e635f53b04a86839ac98c371fbb80/servers/ba75056c-163b-4bc6-8368-d12744c0afbf 0.140s
2015-12-30 12:20:14,069 16325 DEBUG    [tempest_lib.common.rest_client] Request - Headers: {'Content-Type': 'application/json', 'Accept': 'application/json', 'X-Auth-Token': '&lt;omitted>'}
        Body: None
    Response - Headers: {'status': '200', 'content-length': '1758', 'content-location': 'http://10.21.2.3:8774/v2/913e635f53b04a86839ac98c371fbb80/servers/ba75056c-163b-4bc6-8368-d12744c0afbf', 'x-compute-request-id': 'req-2db019bb-3259-4020-b601-5c79a4bfed1c', 'connection': 'close', 'date': 'Wed, 30 Dec 2015 12:20:08 GMT', 'content-type': 'application/json'}
        Body: {"server": {"status": "REBOOT", "updated": "2015-12-30T12:20:07Z", "hostId": "cc88a7b18a78cc0a59c931a406a7595a75ff92a191c94d8190eed94e", "addresses": {"tempest-network-smoke--1249193841": [{"OS-EXT-IPS-MAC:mac_addr": "fa:16:3e:02:3c:0d", "version": 4, "addr": "10.100.0.3", "OS-EXT-IPS:type": "fixed"}, {"OS-EXT-IPS-MAC:mac_addr": "fa:16:3e:02:3c:0d", "version": 4, "addr": "10.21.2.253", "OS-EXT-IPS:type": "floating"}]}, "links": [{"href": "http://10.21.2.3:8774/v2/913e635f53b04a86839ac98c371fbb80/servers/ba75056c-163b-4bc6-8368-d12744c0afbf", "rel": "self"}, {"href": "http://10.21.2.3:8774/913e635f53b04a86839ac98c371fbb80/servers/ba75056c-163b-4bc6-8368-d12744c0afbf", "rel": "bookmark"}], "key_name": "tempest-TestNetworkAdvancedServerOps-1871624660", "image": {"id": "853f5137-cc7d-42ae-bfa6-09485b753b65", "links": [{"href": "http://10.21.2.3:8774/913e635f53b04a86839ac98c371fbb80/images/853f5137-cc7d-42ae-bfa6-09485b753b65", "rel": "bookmark"}]}, "OS-EXT-STS:task_state": "reboot_started", "OS-EXT-STS:vm_state": "active", "OS-SRV-USG:launched_at": "2015-12-30T12:19:57.000000", "flavor": {"id": "1", "links": [{"href": "http://10.21.2.3:8774/913e635f53b04a86839ac98c371fbb80/flavors/1", "rel": "bookmark"}]}, "id": "ba75056c-163b-4bc6-8368-d12744c0afbf", "security_groups": [{"name": "tempest-secgroup-smoke-109596180"}], "OS-SRV-USG:terminated_at": null, "OS-EXT-AZ:availability_zone": "nova", "user_id": "3b53bdfa5c8c460ca4f5266d0272906e", "name": "tempest-server-smoke-1552430520", "created": "2015-12-30T12:19:49Z", "tenant_id": "913e635f53b04a86839ac98c371fbb80", "OS-DCF:diskConfig": "MANUAL", "os-extended-volumes:volumes_attached": [], "accessIPv4": "", "accessIPv6": "", "OS-EXT-STS:power_state": 1, "config_drive": "", "metadata": {}}}
2015-12-30 12:20:14,076 16325 INFO     [tempest.common.waiters] State transition "REBOOT/rebooting" ==> "REBOOT/reboot_started" after 2 second wait
2015-12-30 12:20:15,231 16325 INFO     [tempest_lib.common.rest_client] Request (TestNetworkAdvancedServerOps:test_server_connectivity_reboot): 200 GET http://10.21.2.3:8774/v2/913e635f53b04a86839ac98c371fbb80/servers/ba75056c-163b-4bc6-8368-d12744c0afbf 0.153s
2015-12-30 12:20:15,231 16325 DEBUG    [tempest_lib.common.rest_client] Request - Headers: {'Content-Type': 'application/json', 'Accept': 'application/json', 'X-Auth-Token': '&lt;omitted>'}
        Body: None
    Response - Headers: {'status': '200', 'content-length': '1758', 'content-location': 'http://10.21.2.3:8774/v2/913e635f53b04a86839ac98c371fbb80/servers/ba75056c-163b-4bc6-8368-d12744c0afbf', 'x-compute-request-id': 'req-f004fab2-2404-4cee-a97b-904181866065', 'connection': 'close', 'date': 'Wed, 30 Dec 2015 12:20:09 GMT', 'content-type': 'application/json'}
        Body: {"server": {"status": "REBOOT", "updated": "2015-12-30T12:20:07Z", "hostId": "cc88a7b18a78cc0a59c931a406a7595a75ff92a191c94d8190eed94e", "addresses": {"tempest-network-smoke--1249193841": [{"OS-EXT-IPS-MAC:mac_addr": "fa:16:3e:02:3c:0d", "version": 4, "addr": "10.100.0.3", "OS-EXT-IPS:type": "fixed"}, {"OS-EXT-IPS-MAC:mac_addr": "fa:16:3e:02:3c:0d", "version": 4, "addr": "10.21.2.253", "OS-EXT-IPS:type": "floating"}]}, "links": [{"href": "http://10.21.2.3:8774/v2/913e635f53b04a86839ac98c371fbb80/servers/ba75056c-163b-4bc6-8368-d12744c0afbf", "rel": "self"}, {"href": "http://10.21.2.3:8774/913e635f53b04a86839ac98c371fbb80/servers/ba75056c-163b-4bc6-8368-d12744c0afbf", "rel": "bookmark"}], "key_name": "tempest-TestNetworkAdvancedServerOps-1871624660", "image": {"id": "853f5137-cc7d-42ae-bfa6-09485b753b65", "links": [{"href": "http://10.21.2.3:8774/913e635f53b04a86839ac98c371fbb80/images/853f5137-cc7d-42ae-bfa6-09485b753b65", "rel": "bookmark"}]}, "OS-EXT-STS:task_state": "reboot_started", "OS-EXT-STS:vm_state": "active", "OS-SRV-USG:launched_at": "2015-12-30T12:19:57.000000", "flavor": {"id": "1", "links": [{"href": "http://10.21.2.3:8774/913e635f53b04a86839ac98c371fbb80/flavors/1", "rel": "bookmark"}]}, "id": "ba75056c-163b-4bc6-8368-d12744c0afbf", "security_groups": [{"name": "tempest-secgroup-smoke-109596180"}], "OS-SRV-USG:terminated_at": null, "OS-EXT-AZ:availability_zone": "nova", "user_id": "3b53bdfa5c8c460ca4f5266d0272906e", "name": "tempest-server-smoke-1552430520", "created": "2015-12-30T12:19:49Z", "tenant_id": "913e635f53b04a86839ac98c371fbb80", "OS-DCF:diskConfig": "MANUAL", "os-extended-volumes:volumes_attached": [], "accessIPv4": "", "accessIPv6": "", "OS-EXT-STS:power_state": 1, "config_drive": "", "metadata": {}}}
2015-12-30 12:20:16,347 16325 INFO     [tempest_lib.common.rest_client] Request (TestNetworkAdvancedServerOps:test_server_connectivity_reboot): 200 GET http://10.21.2.3:8774/v2/913e635f53b04a86839ac98c371fbb80/servers/ba75056c-163b-4bc6-8368-d12744c0afbf 0.107s
2015-12-30 12:20:16,347 16325 DEBUG    [tempest_lib.common.rest_client] Request - Headers: {'Content-Type': 'application/json', 'Accept': 'application/json', 'X-Auth-Token': '&lt;omitted>'}
        Body: None
    Response - Headers: {'status': '200', 'content-length': '1758', 'content-location': 'http://10.21.2.3:8774/v2/913e635f53b04a86839ac98c371fbb80/servers/ba75056c-163b-4bc6-8368-d12744c0afbf', 'x-compute-request-id': 'req-3a5bc904-87d7-4ee1-8b9a-2ce94bfb8d35', 'connection': 'close', 'date': 'Wed, 30 Dec 2015 12:20:10 GMT', 'content-type': 'application/json'}
        Body: {"server": {"status": "REBOOT", "updated": "2015-12-30T12:20:07Z", "hostId": "cc88a7b18a78cc0a59c931a406a7595a75ff92a191c94d8190eed94e", "addresses": {"tempest-network-smoke--1249193841": [{"OS-EXT-IPS-MAC:mac_addr": "fa:16:3e:02:3c:0d", "version": 4, "addr": "10.100.0.3", "OS-EXT-IPS:type": "fixed"}, {"OS-EXT-IPS-MAC:mac_addr": "fa:16:3e:02:3c:0d", "version": 4, "addr": "10.21.2.253", "OS-EXT-IPS:type": "floating"}]}, "links": [{"href": "http://10.21.2.3:8774/v2/913e635f53b04a86839ac98c371fbb80/servers/ba75056c-163b-4bc6-8368-d12744c0afbf", "rel": "self"}, {"href": "http://10.21.2.3:8774/913e635f53b04a86839ac98c371fbb80/servers/ba75056c-163b-4bc6-8368-d12744c0afbf", "rel": "bookmark"}], "key_name": "tempest-TestNetworkAdvancedServerOps-1871624660", "image": {"id": "853f5137-cc7d-42ae-bfa6-09485b753b65", "links": [{"href": "http://10.21.2.3:8774/913e635f53b04a86839ac98c371fbb80/images/853f5137-cc7d-42ae-bfa6-09485b753b65", "rel": "bookmark"}]}, "OS-EXT-STS:task_state": "reboot_started", "OS-EXT-STS:vm_state": "active", "OS-SRV-USG:launched_at": "2015-12-30T12:19:57.000000", "flavor": {"id": "1", "links": [{"href": "http://10.21.2.3:8774/913e635f53b04a86839ac98c371fbb80/flavors/1", "rel": "bookmark"}]}, "id": "ba75056c-163b-4bc6-8368-d12744c0afbf", "security_groups": [{"name": "tempest-secgroup-smoke-109596180"}], "OS-SRV-USG:terminated_at": null, "OS-EXT-AZ:availability_zone": "nova", "user_id": "3b53bdfa5c8c460ca4f5266d0272906e", "name": "tempest-server-smoke-1552430520", "created": "2015-12-30T12:19:49Z", "tenant_id": "913e635f53b04a86839ac98c371fbb80", "OS-DCF:diskConfig": "MANUAL", "os-extended-volumes:volumes_attached": [], "accessIPv4": "", "accessIPv6": "", "OS-EXT-STS:power_state": 1, "config_drive": "", "metadata": {}}}
2015-12-30 12:20:17,504 16325 INFO     [tempest_lib.common.rest_client] Request (TestNetworkAdvancedServerOps:test_server_connectivity_reboot): 200 GET http://10.21.2.3:8774/v2/913e635f53b04a86839ac98c371fbb80/servers/ba75056c-163b-4bc6-8368-d12744c0afbf 0.144s
2015-12-30 12:20:17,504 16325 DEBUG    [tempest_lib.common.rest_client] Request - Headers: {'Content-Type': 'application/json', 'Accept': 'application/json', 'X-Auth-Token': '&lt;omitted>'}
        Body: None
    Response - Headers: {'status': '200', 'content-length': '1761', 'content-location': 'http://10.21.2.3:8774/v2/913e635f53b04a86839ac98c371fbb80/servers/ba75056c-163b-4bc6-8368-d12744c0afbf', 'x-compute-request-id': 'req-4f57c56a-818e-4004-95b6-dcfe8966f0e7', 'connection': 'close', 'date': 'Wed, 30 Dec 2015 12:20:11 GMT', 'content-type': 'application/json'}
        Body: {"server": {"status": "ACTIVE", "updated": "2015-12-30T12:20:11Z", "hostId": "cc88a7b18a78cc0a59c931a406a7595a75ff92a191c94d8190eed94e", "addresses": {"tempest-network-smoke--1249193841": [{"OS-EXT-IPS-MAC:mac_addr": "fa:16:3e:02:3c:0d", "version": 4, "addr": "10.100.0.3", "OS-EXT-IPS:type": "fixed"}, {"OS-EXT-IPS-MAC:mac_addr": "fa:16:3e:02:3c:0d", "version": 4, "addr": "10.21.2.253", "OS-EXT-IPS:type": "floating"}]}, "links": [{"href": "http://10.21.2.3:8774/v2/913e635f53b04a86839ac98c371fbb80/servers/ba75056c-163b-4bc6-8368-d12744c0afbf", "rel": "self"}, {"href": "http://10.21.2.3:8774/913e635f53b04a86839ac98c371fbb80/servers/ba75056c-163b-4bc6-8368-d12744c0afbf", "rel": "bookmark"}], "key_name": "tempest-TestNetworkAdvancedServerOps-1871624660", "image": {"id": "853f5137-cc7d-42ae-bfa6-09485b753b65", "links": [{"href": "http://10.21.2.3:8774/913e635f53b04a86839ac98c371fbb80/images/853f5137-cc7d-42ae-bfa6-09485b753b65", "rel": "bookmark"}]}, "OS-EXT-STS:task_state": null, "OS-EXT-STS:vm_state": "active", "OS-SRV-USG:launched_at": "2015-12-30T12:19:57.000000", "flavor": {"id": "1", "links": [{"href": "http://10.21.2.3:8774/913e635f53b04a86839ac98c371fbb80/flavors/1", "rel": "bookmark"}]}, "id": "ba75056c-163b-4bc6-8368-d12744c0afbf", "security_groups": [{"name": "tempest-secgroup-smoke-109596180"}], "OS-SRV-USG:terminated_at": null, "OS-EXT-AZ:availability_zone": "nova", "user_id": "3b53bdfa5c8c460ca4f5266d0272906e", "name": "tempest-server-smoke-1552430520", "created": "2015-12-30T12:19:49Z", "tenant_id": "913e635f53b04a86839ac98c371fbb80", "OS-DCF:diskConfig": "MANUAL", "os-extended-volumes:volumes_attached": [], "accessIPv4": "", "accessIPv6": "", "progress": 0, "OS-EXT-STS:power_state": 1, "config_drive": "", "metadata": {}}}
2015-12-30 12:20:17,512 16325 INFO     [tempest.common.waiters] State transition "REBOOT/reboot_started" ==> "ACTIVE/None" after 5 second wait
2015-12-30 12:20:17,512 16325 INFO     [tempest.scenario.manager] Tenant networks not configured to be reachable.
2015-12-30 12:20:17,525 16325 INFO     [tempest_lib.common.rest_client] Request (TestNetworkAdvancedServerOps:test_server_connectivity_reboot): 200 GET http://10.21.2.3:9696/v2.0/floatingips/26b90180-fb54-4ed8-8aa2-5cf9cc88380e 0.012s
2015-12-30 12:20:17,525 16325 DEBUG    [tempest_lib.common.rest_client] Request - Headers: {'Content-Type': 'application/json', 'Accept': 'application/json', 'X-Auth-Token': '&lt;omitted>'}
        Body: None
    Response - Headers: {'status': '200', 'content-length': '370', 'content-location': 'http://10.21.2.3:9696/v2.0/floatingips/26b90180-fb54-4ed8-8aa2-5cf9cc88380e', 'connection': 'close', 'date': 'Wed, 30 Dec 2015 12:20:11 GMT', 'content-type': 'application/json; charset=UTF-8', 'x-openstack-request-id': 'req-9bab7a33-c818-4347-bd13-53883440cdb0'}
        Body: {"floatingip": {"floating_network_id": "c295385e-76db-4b29-8f83-db67c61845b4", "router_id": "ed807724-4120-4b76-b35e-f7beb3cb4ce5", "fixed_ip_address": "10.100.0.3", "floating_ip_address": "10.21.2.253", "tenant_id": "913e635f53b04a86839ac98c371fbb80", "status": "ACTIVE", "port_id": "698056b0-a760-426f-9fd3-1efd150c3b4f", "id": "26b90180-fb54-4ed8-8aa2-5cf9cc88380e"}}
2015-12-30 12:20:17,526 16325 INFO     [tempest.scenario.manager] FloatingIP: &lt;"FloatingIP" addr="10.21.2.253" id="26b90180-fb54-4ed8-8aa2-5cf9cc88380e"> is at status: ACTIVE
2015-12-30 12:20:17,526 16325 DEBUG    [tempest.scenario.manager] checking network connections to IP 10.21.2.253 with user: cirros
2015-12-30 12:22:18,815 16325 ERROR    [tempest.scenario.manager] Public network connectivity check failed
2015-12-30 12:22:18.815 16325 ERROR tempest.scenario.manager Traceback (most recent call last):
2015-12-30 12:22:18.815 16325 ERROR tempest.scenario.manager   File "/home/10.20.1.2/tcl-tempest-runner/tempest/tempest/scenario/manager.py", line 536, in check_public_network_connectivity
2015-12-30 12:22:18.815 16325 ERROR tempest.scenario.manager     should_connect=should_connect)
2015-12-30 12:22:18.815 16325 ERROR tempest.scenario.manager   File "/home/10.20.1.2/tcl-tempest-runner/tempest/tempest/scenario/manager.py", line 520, in check_vm_connectivity
2015-12-30 12:22:18.815 16325 ERROR tempest.scenario.manager     msg=msg)
2015-12-30 12:22:18.815 16325 ERROR tempest.scenario.manager   File "/home/10.20.1.2/tcl-tempest-runner/.venv/local/lib/python2.7/site-packages/unittest2/case.py", line 702, in assertTrue
2015-12-30 12:22:18.815 16325 ERROR tempest.scenario.manager     raise self.failureException(msg)
2015-12-30 12:22:18.815 16325 ERROR tempest.scenario.manager AssertionError: False is not true : Timed out waiting for 10.21.2.253 to become reachable
2015-12-30 12:22:18.815 16325 ERROR tempest.scenario.manager 
2015-12-30 12:22:18,954 16325 INFO     [tempest_lib.common.rest_client] Request (TestNetworkAdvancedServerOps:test_server_connectivity_reboot): 200 POST http://10.21.2.3:8774/v2/913e635f53b04a86839ac98c371fbb80/servers/ba75056c-163b-4bc6-8368-d12744c0afbf/action 0.136s
2015-12-30 12:22:18,954 16325 DEBUG    [tempest_lib.common.rest_client] Request - Headers: {'Content-Type': 'application/json', 'Accept': 'application/json', 'X-Auth-Token': '&lt;omitted>'}
        Body: {"os-getConsoleOutput": {}}
    Response - Headers: {'status': '200', 'content-length': '19539', 'x-compute-request-id': 'req-f7df9bf0-e10c-4e13-b099-b82977518b24', 'connection': 'close', 'date': 'Wed, 30 Dec 2015 12:22:12 GMT', 'content-type': 'application/json'}
        Body: {"output": "[    0.000000] Initializing cgroup subsys cpuset\n[    0.000000] Initializing cgroup subsys cpu\n[    0.000000] Linux version 3.2.0-60-virtual (buildd@toyol) (gcc version 4.6.3 (Ubuntu/Linaro 4.6.3-1ubuntu5) ) #91-Ubuntu SMP Wed Feb 19 04:13:28 UTC 2014 (Ubuntu 3.2.0-60.91-virtual 3.2.55)\n[    0.000000] Command line: LABEL=cirros-rootfs ro console=tty1 console=ttyS0\n[    0.000000] KERNEL supported cpus:\n[    0.000000]   Intel GenuineIntel\n[    0.000000]   AMD AuthenticAMD\n[    0.000000]   Centaur CentaurHauls\n[    0.000000] BIOS-provided physical RAM map:\n[    0.000000]  BIOS-e820: 0000000000000000 - 000000000009fc00 (usable)\n[    0.000000]  BIOS-e820: 000000000009fc00 - 00000000000a0000 (reserved)\n[    0.000000]  BIOS-e820: 00000000000f0000 - 0000000000100000 (reserved)\n[    0.000000]  BIOS-e820: 0000000000100000 - 000000001fffe000 (usable)\n[    0.000000]  BIOS-e820: 000000001fffe000 - 0000000020000000 (reserved)\n[    0.000000]  BIOS-e820: 00000000feffc000 - 00000000ff000000 (reserved)\n[    0.000000]  BIOS-e820: 00000000fffc0000 - 0000000100000000 (reserved)\n[    0.000000] NX (Execute Disable) protection: active\n[    0.000000] SMBIOS 2.4 present.\n[    0.000000] No AGP bridge found\n[    0.000000] last_pfn = 0x1fffe max_arch_pfn = 0x400000000\n[    0.000000] x86 PAT enabled: cpu 0, old 0x7040600070406, new 0x7010600070106\n[    0.000000] found SMP MP-table at [ffff8800000f0b00] f0b00\n[    0.000000] Using GB pages for direct mapping\n[    0.000000] init_memory_mapping: 0000000000000000-000000001fffe000\n[    0.000000] RAMDISK: 1fc94000 - 1ffee000\n[    0.000000] ACPI: RSDP 00000000000f0960 00014 (v00 BOCHS )\n[    0.000000] ACPI: RSDT 000000001ffffb89 00034 (v01 BOCHS  BXPCRSDT 00000001 BXPC 00000001)\n[    0.000000] ACPI: FACP 000000001ffff1c0 00074 (v01 BOCHS  BXPCFACP 00000001 BXPC 00000001)\n[    0.000000] ACPI: DSDT 000000001fffe040 01180 (v01 BOCHS  BXPCDSDT 00000001 BXPC 00000001)\n[    0.000000] ACPI: FACS 000000001fffe000 00040\n[    0.000000] ACPI: SSDT 000000001ffff234 008DD (v01 BOCHS  BXPCSSDT 00000001 BXPC 00000001)\n[    0.000000] ACPI: APIC 000000001ffffb11 00078 (v01 BOCHS  BXPCAPIC 00000001 BXPC 00000001)\n[    0.000000] ACPI: RSDT 000000001ffffb89 00034 (v01 BOCHS  BXPCRSDT 00000001 BXPC 00000001)\n[    0.000000] No NUMA configuration found\n[    0.000000] Faking a node at 0000000000000000-000000001fffe000\n[    0.000000] Initmem setup node 0 0000000000000000-000000001fffe000\n[    0.000000]   NODE_DATA [000000001fff6000 - 000000001fffafff]\n[    0.000000] kvm-clock: Using msrs 4b564d01 and 4b564d00\n[    0.000000] kvm-clock: cpu 0, msr 0:1cf7681, boot clock\n[    0.000000] Zone PFN ranges:\n[    0.000000]   DMA      0x00000010 -> 0x00001000\n[    0.000000]   DMA32    0x00001000 -> 0x00100000\n[    0.000000]   Normal   empty\n[    0.000000] Movable zone start PFN for each node\n[    0.000000] early_node_map[2] active PFN ranges\n[    0.000000]     0: 0x00000010 -> 0x0000009f\n[    0.000000]     0: 0x00000100 -> 0x0001fffe\n[    0.000000] ACPI: PM-Timer IO Port: 0xb008\n[    0.000000] ACPI: LAPIC (acpi_id[0x00] lapic_id[0x00] enabled)\n[    0.000000] ACPI: LAPIC_NMI (acpi_id[0xff] dfl dfl lint[0x1])\n[    0.000000] ACPI: IOAPIC (id[0x00] address[0xfec00000] gsi_base[0])\n[    0.000000] IOAPIC[0]: apic_id 0, version 17, address 0xfec00000, GSI 0-23\n[    0.000000] ACPI: INT_SRC_OVR (bus 0 bus_irq 0 global_irq 2 dfl dfl)\n[    0.000000] ACPI: INT_SRC_OVR (bus 0 bus_irq 5 global_irq 5 high level)\n[    0.000000] ACPI: INT_SRC_OVR (bus 0 bus_irq 9 global_irq 9 high level)\n[    0.000000] ACPI: INT_SRC_OVR (bus 0 bus_irq 10 global_irq 10 high level)\n[    0.000000] ACPI: INT_SRC_OVR (bus 0 bus_irq 11 global_irq 11 high level)\n[    0.000000] Using ACPI (MADT) for SMP configuration information\n[    0.000000] SMP: Allowing 1 CPUs, 0 hotplug CPUs\n[    0.000000] PM: Registered nosave memory: 000000000009f000 - 00000000000a0000\n[    0.000000] PM: Registered nosave memory: 00000000000a0000 - 00000000000f0000\n[    0.000000] PM: Registered nosave memory: 00000000000f0000 - 00000000001
2015-12-30 12:22:18,956 16325 DEBUG    [tempest.scenario.manager] Console output for ba75056c-163b-4bc6-8368-d12744c0afbf
body=
[    0.000000] Initializing cgroup subsys cpuset
[    0.000000] Initializing cgroup subsys cpu
[    0.000000] Linux version 3.2.0-60-virtual (buildd@toyol) (gcc version 4.6.3 (Ubuntu/Linaro 4.6.3-1ubuntu5) ) #91-Ubuntu SMP Wed Feb 19 04:13:28 UTC 2014 (Ubuntu 3.2.0-60.91-virtual 3.2.55)
[    0.000000] Command line: LABEL=cirros-rootfs ro console=tty1 console=ttyS0
[    0.000000] KERNEL supported cpus:
[    0.000000]   Intel GenuineIntel
[    0.000000]   AMD AuthenticAMD
[    0.000000]   Centaur CentaurHauls
[    0.000000] BIOS-provided physical RAM map:
[    0.000000]  BIOS-e820: 0000000000000000 - 000000000009fc00 (usable)
[    0.000000]  BIOS-e820: 000000000009fc00 - 00000000000a0000 (reserved)
[    0.000000]  BIOS-e820: 00000000000f0000 - 0000000000100000 (reserved)
[    0.000000]  BIOS-e820: 0000000000100000 - 000000001fffe000 (usable)
[    0.000000]  BIOS-e820: 000000001fffe000 - 0000000020000000 (reserved)
[    0.000000]  BIOS-e820: 00000000feffc000 - 00000000ff000000 (reserved)
[    0.000000]  BIOS-e820: 00000000fffc0000 - 0000000100000000 (reserved)
[    0.000000] NX (Execute Disable) protection: active
[    0.000000] SMBIOS 2.4 present.
[    0.000000] No AGP bridge found
[    0.000000] last_pfn = 0x1fffe max_arch_pfn = 0x400000000
[    0.000000] x86 PAT enabled: cpu 0, old 0x7040600070406, new 0x7010600070106
[    0.000000] found SMP MP-table at [ffff8800000f0b00] f0b00
[    0.000000] Using GB pages for direct mapping
[    0.000000] init_memory_mapping: 0000000000000000-000000001fffe000
[    0.000000] RAMDISK: 1fc94000 - 1ffee000
[    0.000000] ACPI: RSDP 00000000000f0960 00014 (v00 BOCHS )
[    0.000000] ACPI: RSDT 000000001ffffb89 00034 (v01 BOCHS  BXPCRSDT 00000001 BXPC 00000001)
[    0.000000] ACPI: FACP 000000001ffff1c0 00074 (v01 BOCHS  BXPCFACP 00000001 BXPC 00000001)
[    0.000000] ACPI: DSDT 000000001fffe040 01180 (v01 BOCHS  BXPCDSDT 00000001 BXPC 00000001)
[    0.000000] ACPI: FACS 000000001fffe000 00040
[    0.000000] ACPI: SSDT 000000001ffff234 008DD (v01 BOCHS  BXPCSSDT 00000001 BXPC 00000001)
[    0.000000] ACPI: APIC 000000001ffffb11 00078 (v01 BOCHS  BXPCAPIC 00000001 BXPC 00000001)
[    0.000000] ACPI: RSDT 000000001ffffb89 00034 (v01 BOCHS  BXPCRSDT 00000001 BXPC 00000001)
[    0.000000] No NUMA configuration found
[    0.000000] Faking a node at 0000000000000000-000000001fffe000
[    0.000000] Initmem setup node 0 0000000000000000-000000001fffe000
[    0.000000]   NODE_DATA [000000001fff6000 - 000000001fffafff]
[    0.000000] kvm-clock: Using msrs 4b564d01 and 4b564d00
[    0.000000] kvm-clock: cpu 0, msr 0:1cf7681, boot clock
[    0.000000] Zone PFN ranges:
[    0.000000]   DMA      0x00000010 -> 0x00001000
[    0.000000]   DMA32    0x00001000 -> 0x00100000
[    0.000000]   Normal   empty
[    0.000000] Movable zone start PFN for each node
[    0.000000] early_node_map[2] active PFN ranges
[    0.000000]     0: 0x00000010 -> 0x0000009f
[    0.000000]     0: 0x00000100 -> 0x0001fffe
[    0.000000] ACPI: PM-Timer IO Port: 0xb008
[    0.000000] ACPI: LAPIC (acpi_id[0x00] lapic_id[0x00] enabled)
[    0.000000] ACPI: LAPIC_NMI (acpi_id[0xff] dfl dfl lint[0x1])
[    0.000000] ACPI: IOAPIC (id[0x00] address[0xfec00000] gsi_base[0])
[    0.000000] IOAPIC[0]: apic_id 0, version 17, address 0xfec00000, GSI 0-23
[    0.000000] ACPI: INT_SRC_OVR (bus 0 bus_irq 0 global_irq 2 dfl dfl)
[    0.000000] ACPI: INT_SRC_OVR (bus 0 bus_irq 5 global_irq 5 high level)
[    0.000000] ACPI: INT_SRC_OVR (bus 0 bus_irq 9 global_irq 9 high level)
[    0.000000] ACPI: INT_SRC_OVR (bus 0 bus_irq 10 global_irq 10 high level)
[    0.000000] ACPI: INT_SRC_OVR (bus 0 bus_irq 11 global_irq 11 high level)
[    0.000000] Using ACPI (MADT) for SMP configuration information
[    0.000000] SMP: Allowing 1 CPUs, 0 hotplug CPUs
[    0.000000] PM: Registered nosave memory: 000000000009f000 - 00000000000a0000
[    0.000000] PM: Registered nosave memory: 00000000000a0000 - 00000000000f0000
[    0.000000] PM: Registered nosave memory: 00000000000f0000 - 0000000000100000
[    0.000000] Allocating PCI resources starting at 20000000 (gap: 20000000:deffc000)
[    0.000000] Booting paravirtualized kernel on KVM
[    0.000000] setup_percpu: NR_CPUS:64 nr_cpumask_bits:64 nr_cpu_ids:1 nr_node_ids:1
[    0.000000] PERCPU: Embedded 28 pages/cpu @ffff88001fa00000 s82880 r8192 d23616 u2097152
[    0.000000] kvm-clock: cpu 0, msr 0:1fa13681, primary cpu clock
[    0.000000] KVM setup async PF for cpu 0
[    0.000000] kvm-stealtime: cpu 0, msr 1fa0dd40
[    0.000000] Built 1 zonelists in Node order, mobility grouping on.  Total pages: 128904
[    0.000000] Policy zone: DMA32
[    0.000000] Kernel command line: LABEL=cirros-rootfs ro console=tty1 console=ttyS0
[    0.000000] PID hash table entries: 2048 (order: 2, 16384 bytes)
[    0.000000] Checking aperture...
[    0.000000] No AGP bridge found
[    0.000000] Memory: 496320k/524280k available (6563k kernel code, 452k absent, 27508k reserved, 6631k data, 924k init)
[    0.000000] SLUB: Genslabs=15, HWalign=64, Order=0-3, MinObjects=0, CPUs=1, Nodes=1
[    0.000000] Hierarchical RCU implementation.
[    0.000000] 	RCU dyntick-idle grace-period acceleration is enabled.
[    0.000000] NR_IRQS:4352 nr_irqs:256 16
[    0.000000] Console: colour VGA+ 80x25
[    0.000000] console [tty1] enabled
[    0.000000] console [ttyS0] enabled
[    0.000000] allocated 4194304 bytes of page_cgroup
[    0.000000] please try 'cgroup_disable=memory' option if you don't want memory cgroups
[    0.000000] Detected 2925.990 MHz processor.
[    0.008000] Calibrating delay loop (skipped) preset value.. 5851.98 BogoMIPS (lpj=11703960)
[    0.008000] pid_max: default: 32768 minimum: 301
[    0.008000] Security Framework initialized
[    0.008000] AppArmor: AppArmor initialized
[    0.008004] Yama: becoming mindful.
[    0.008698] Dentry cache hash table entries: 65536 (order: 7, 524288 bytes)
[    0.009874] Inode-cache hash table entries: 32768 (order: 6, 262144 bytes)
[    0.010975] Mount-cache hash table entries: 256
[    0.012091] Initializing cgroup subsys cpuacct
[    0.012842] Initializing cgroup subsys memory
[    0.013603] Initializing cgroup subsys devices
[    0.014349] Initializing cgroup subsys freezer
[    0.015144] Initializing cgroup subsys blkio
[    0.016009] Initializing cgroup subsys perf_event
[    0.016847] mce: CPU supports 10 MCE banks
[    0.017738] SMP alternatives: switching to UP code
[    0.031940] Freeing SMP alternatives: 24k freed
[    0.032008] ACPI: Core revision 20110623
[    0.033486] ftrace: allocating 26584 entries in 105 pages
[    0.036232] Enabling x2apic
[    0.036788] Enabled x2apic
[    0.037487] Switched APIC routing to physical x2apic.
[    0.039301] ..TIMER: vector=0x30 apic1=0 pin1=2 apic2=-1 pin2=-1
[    0.040004] CPU0: Intel Westmere E56xx/L56xx/X56xx (Nehalem-C) stepping 01
[    0.044002] Performance Events: unsupported p6 CPU model 44 no PMU driver, software events only.
[    0.044002] NMI watchdog disabled (cpu0): hardware events not enabled
[    0.044002] Brought up 1 CPUs
[    0.044002] Total of 1 processors activated (5851.98 BogoMIPS).
[    0.044260] devtmpfs: initialized
[    0.045484] EVM: security.selinux
[    0.046073] EVM: security.SMACK64
[    0.046660] EVM: security.capability
[    0.047887] print_constraints: dummy: 
[    0.048070] RTC time: 12:20:11, date: 12/30/15
[    0.048811] NET: Registered protocol family 16
[    0.049622] ACPI: bus type pci registered
[    0.050376] PCI: Using configuration type 1 for base access
[    0.052398] bio: create slab &lt;bio-0> at 0
[    0.053135] ACPI: Added _OSI(Module Device)
[    0.053825] ACPI: Added _OSI(Processor Device)
[    0.054531] ACPI: Added _OSI(3.0 _SCP Extensions)
[    0.055284] ACPI: Added _OSI(Processor Aggregator Device)
[    0.057918] ACPI: Interpreter enabled
[    0.058554] ACPI: (supports S0 S3 S4 S5)
[    0.059515] ACPI: Using IOAPIC for interrupt routing
[    0.061985] ACPI: No dock devices found.
[    0.062656] HEST: Table not found.
[    0.063254] PCI: Using host bridge windows from ACPI; if necessary, use "pci=nocrs" and report a bug
[    0.064048] ACPI: PCI Root Bridge [PCI0] (domain 0000 [bus 00-ff])
[    0.065042] pci_root PNP0A03:00: host bridge window [io  0x0000-0x0cf7]
[    0.066008] pci_root PNP0A03:00: host bridge window [io  0x0d00-0xadff]
[    0.068006] pci_root PNP0A03:00: host bridge window [io  0xae0f-0xaeff]
[    0.068962] pci_root PNP0A03:00: host bridge window [io  0xaf20-0xafdf]
[    0.069913] pci_root PNP0A03:00: host bridge window [io  0xafe4-0xffff]
[    0.070864] pci_root PNP0A03:00: host bridge window [mem 0x000a0000-0x000bffff]
[    0.072006] pci_root PNP0A03:00: host bridge window [mem 0x20000000-0xfebfffff]
[    0.083215] pci 0000:00:01.3: quirk: [io  0xb000-0xb03f] claimed by PIIX4 ACPI
[    0.084015] pci 0000:00:01.3: quirk: [io  0xb100-0xb10f] claimed by PIIX4 SMB
[    0.117426]  pci0000:00: Unable to request _OSC control (_OSC support mask: 0x1e)
[    0.120388] ACPI: PCI Interrupt Link [LNKA] (IRQs 5 *10 11)
[    0.121634] ACPI: PCI Interrupt Link [LNKB] (IRQs 5 *10 11)
[    0.122869] ACPI: PCI Interrupt Link [LNKC] (IRQs 5 10 *11)
[    0.124071] ACPI: PCI Interrupt Link [LNKD] (IRQs 5 10 *11)
[    0.125283] ACPI: PCI Interrupt Link [LNKS] (IRQs *9)
[    0.126344] vgaarb: device added: PCI:0000:00:02.0,decodes=io+mem,owns=io+mem,locks=none
[    0.127615] vgaarb: loaded
[    0.128009] vgaarb: bridge control possible 0000:00:02.0
[    0.128876] i2c-core: driver [aat2870] using legacy suspend method
[    0.129792] i2c-core: driver [aat2870] using legacy resume method
[    0.130726] SCSI subsystem initialized
[    0.131435] usbcore: registered new interface driver usbfs
[    0.132019] usbcore: registered new interface driver hub
[    0.132844] usbcore: registered new device driver usb
[    0.133680] PCI: Using ACPI for IRQ routing
[    0.134559] NetLabel: Initializing
[    0.135159] NetLabel:  domain hash size = 128
[    0.136009] NetLabel:  protocols = UNLABELED CIPSOv4
[    0.136772] NetLabel:  unlabeled traffic allowed by default
[    0.137637] Switching to clocksource kvm-clock
[    0.141015] AppArmor: AppArmor Filesystem Enabled
[    0.141778] pnp: PnP ACPI init
[    0.142336] ACPI: bus type pnp registered
[    0.143602] pnp: PnP ACPI: found 8 devices
[    0.144288] ACPI: ACPI bus type pnp unregistered
[    0.150807] NET: Registered protocol family 2
[    0.151556] IP route cache hash table entries: 4096 (order: 3, 32768 bytes)
[    0.152714] TCP established hash table entries: 16384 (order: 6, 262144 bytes)
[    0.153925] TCP bind hash table entries: 16384 (order: 6, 262144 bytes)
[    0.154908] TCP: Hash tables configured (established 16384 bind 16384)
[    0.155851] TCP reno registered
[    0.156445] UDP hash table entries: 256 (order: 1, 8192 bytes)
[    0.157319] UDP-Lite hash table entries: 256 (order: 1, 8192 bytes)
[    0.159264] NET: Registered protocol family 1
[    0.159968] pci 0000:00:00.0: Limiting direct PCI/PCI transfers
[    0.160885] pci 0000:00:01.0: PIIX3: Enabling Passive Release
[    0.161755] pci 0000:00:01.0: Activating ISA DMA hang workarounds
[    0.162781] ACPI: PCI Interrupt Link [LNKD] enabled at IRQ 11
[    0.163642] pci 0000:00:01.2: PCI INT D -> Link[LNKD] -> GSI 11 (level, high) -> IRQ 11
[    0.165193] pci 0000:00:01.2: PCI INT D disabled
[    0.166223] audit: initializing netlink socket (disabled)
[    0.167052] type=2000 audit(1451478011.164:1): initialized
[    0.186383] Trying to unpack rootfs image as initramfs...
[    0.212101] HugeTLB registered 2 MB page size, pre-allocated 0 pages
[    0.216140] VFS: Disk quotas dquot_6.5.2
[    0.216855] Dquot-cache hash table entries: 512 (order 0, 4096 bytes)
[    0.224158] fuse init (API version 7.17)
[    0.224909] msgmni has been set to 969
[    0.236159] Block layer SCSI generic (bsg) driver version 0.4 loaded (major 253)
[    0.244045] io scheduler noop registered
[    0.244722] io scheduler deadline registered (default)
[    0.245610] io scheduler cfq registered
[    0.246388] pci_hotplug: PCI Hot Plug PCI Core version: 0.5
[    0.247237] pciehp: PCI Express Hot Plug Controller Driver version: 0.4
[    0.248299] input: Power Button as /devices/LNXSYSTM:00/LNXPWRBN:00/input/input0
[    0.249491] ACPI: Power Button [PWRF]
[    0.250703] ERST: Table is not found!
[    0.251324] GHES: HEST is not enabled!
[    0.252126] ACPI: PCI Interrupt Link [LNKC] enabled at IRQ 10
[    0.253006] virtio-pci 0000:00:03.0: PCI INT A -> Link[LNKC] -> GSI 10 (level, high) -> IRQ 10
[    0.254805] virtio-pci 0000:00:04.0: PCI INT A -> Link[LNKD] -> GSI 11 (level, high) -> IRQ 11
[    0.257889] Freeing initrd memory: 3432k freed
[    0.259159] ACPI: PCI Interrupt Link [LNKA] enabled at IRQ 10
[    0.260019] virtio-pci 0000:00:05.0: PCI INT A -> Link[LNKA] -> GSI 10 (level, high) -> IRQ 10
[    0.261949] Serial: 8250/16550 driver, 32 ports, IRQ sharing enabled
[    0.287841] serial8250: ttyS0 at I/O 0x3f8 (irq = 4) is a 16550A
[    0.314106] serial8250: ttyS1 at I/O 0x2f8 (irq = 3) is a 16550A
[    0.340173] 00:05: ttyS0 at I/O 0x3f8 (irq = 4) is a 16550A
[    0.366266] 00:06: ttyS1 at I/O 0x2f8 (irq = 3) is a 16550A
[    0.367232] Linux agpgart interface v0.103
[    0.369213] brd: module loaded
[    0.370253] loop: module loaded
[    0.382120]  vda: vda1
[    0.384407] scsi0 : ata_piix
[    0.385051] scsi1 : ata_piix
[    0.385621] ata1: PATA max MWDMA2 cmd 0x1f0 ctl 0x3f6 bmdma 0xc0a0 irq 14
[    0.386616] ata2: PATA max MWDMA2 cmd 0x170 ctl 0x376 bmdma 0xc0a8 irq 15
[    0.387817] Fixed MDIO Bus: probed
[    0.388484] tun: Universal TUN/TAP device driver, 1.6
[    0.389289] tun: (C) 1999-2004 Max Krasnyansky &lt;maxk@qualcomm.com>
[    0.460509] PPP generic driver version 2.4.2
[    0.461365] ehci_hcd: USB 2.0 'Enhanced' Host Controller (EHCI) Driver
[    0.462360] ohci_hcd: USB 1.1 'Open' Host Controller (OHCI) Driver
[    0.463295] uhci_hcd: USB Universal Host Controller Interface driver
[    0.464282] uhci_hcd 0000:00:01.2: PCI INT D -> Link[LNKD] -> GSI 11 (level, high) -> IRQ 11
[    0.466426] uhci_hcd 0000:00:01.2: UHCI Host Controller
[    0.467480] uhci_hcd 0000:00:01.2: new USB bus registered, assigned bus number 1
[    0.468859] uhci_hcd 0000:00:01.2: irq 11, io base 0x0000c040
[    0.469870] hub 1-0:1.0: USB hub found
[    0.470514] hub 1-0:1.0: 2 ports detected
[    0.471342] usbcore: registered new interface driver libusual
[    0.472312] i8042: PNP: PS/2 Controller [PNP0303:KBD,PNP0f13:MOU] at 0x60,0x64 irq 1,12
[    0.474296] serio: i8042 KBD port at 0x60,0x64 irq 1
[    0.475101] serio: i8042 AUX port at 0x60,0x64 irq 12
[    0.476041] mousedev: PS/2 mouse device common for all mice
[    0.477096] rtc_cmos 00:01: RTC can wake from S4
[    0.478039] rtc_cmos 00:01: rtc core: registered rtc_cmos as rtc0
[    0.479082] rtc0: alarms up to one day, 114 bytes nvram
[    0.479975] device-mapper: uevent: version 1.0.3
[    0.480825] device-mapper: ioctl: 4.22.0-ioctl (2011-10-19) initialised: dm-devel@redhat.com
[    0.482231] cpuidle: using governor ladder
[    0.482917] cpuidle: using governor menu
[    0.483626] EFI Variables Facility v0.08 2004-May-17
[    0.484678] TCP cubic registered
[    0.485383] NET: Registered protocol family 10
[    0.486619] NET: Registered protocol family 17
[    0.487370] Registering the dns_resolver key type
[    0.488241] registered taskstats version 1
[    0.490926]   Magic number: 11:834:330
[    0.491643] tty tty51: hash matches
[    0.492384] rtc_cmos 00:01: setting system clock to 2015-12-30 12:20:11 UTC (1451478011)
[    0.493737] BIOS EDD facility v0.16 2004-Jun-25, 0 devices found
[    0.494658] EDD information not available.
[    0.495887] input: AT Translated Set 2 keyboard as /devices/platform/i8042/serio0/input/input1
[    0.621487] Freeing unused kernel memory: 924k freed
[    0.622596] Write protecting the kernel read-only data: 12288k
[    0.627594] Freeing unused kernel memory: 1608k freed
[    0.631677] Freeing unused kernel memory: 1188k freed

info: initramfs: up at 0.63
NOCHANGE: partition 1 is size 2072385. it cannot be grown
info: initramfs loading root from /dev/vda1
info: /etc/init.d/rc.sysinit: up at 1.68
info: container: none
Starting logging: OK
Initializing random number generator... done.
Starting acpid: OK
cirros-ds 'local' up at 1.88
no results found for mode=local. up 1.91. searched: nocloud configdrive ec2
Starting network...
udhcpc (v1.20.1) started
Sending discover...
Sending select for 10.100.0.3...
Lease of 10.100.0.3 obtained, lease time 600
deleting routers
adding dns 10.100.0.2
